Archive member included to satisfy reference by file (symbol)

c:/st/stm32cubeide_1.7.0/stm32cubeide/plugins/com.st.stm32cube.ide.mcu.externaltools.gnu-tools-for-stm32.9-2020-q2-update.win32_2.0.0.202105311346/tools/bin/../lib/gcc/arm-none-eabi/9.3.1/../../../../arm-none-eabi/lib/thumb/v7e-m+dp/hard\libstdc++_nano.a(del_op.o)
                              ./Src/main.o (operator delete(void*))
c:/st/stm32cubeide_1.7.0/stm32cubeide/plugins/com.st.stm32cube.ide.mcu.externaltools.gnu-tools-for-stm32.9-2020-q2-update.win32_2.0.0.202105311346/tools/bin/../lib/gcc/arm-none-eabi/9.3.1/../../../../arm-none-eabi/lib/thumb/v7e-m+dp/hard\libstdc++_nano.a(del_ops.o)
                              ./Src/Systick.o (operator delete(void*, unsigned int))
c:/st/stm32cubeide_1.7.0/stm32cubeide/plugins/com.st.stm32cube.ide.mcu.externaltools.gnu-tools-for-stm32.9-2020-q2-update.win32_2.0.0.202105311346/tools/bin/../lib/gcc/arm-none-eabi/9.3.1/../../../../arm-none-eabi/lib/thumb/v7e-m+dp/hard\libstdc++_nano.a(new_op.o)
                              ./Src/main.o (operator new(unsigned int))
c:/st/stm32cubeide_1.7.0/stm32cubeide/plugins/com.st.stm32cube.ide.mcu.externaltools.gnu-tools-for-stm32.9-2020-q2-update.win32_2.0.0.202105311346/tools/bin/../lib/gcc/arm-none-eabi/9.3.1/../../../../arm-none-eabi/lib/thumb/v7e-m+dp/hard\libstdc++_nano.a(pure.o)
                              ./Src/main.o (__cxa_pure_virtual)
c:/st/stm32cubeide_1.7.0/stm32cubeide/plugins/com.st.stm32cube.ide.mcu.externaltools.gnu-tools-for-stm32.9-2020-q2-update.win32_2.0.0.202105311346/tools/bin/../lib/gcc/arm-none-eabi/9.3.1/../../../../arm-none-eabi/lib/thumb/v7e-m+dp/hard\libstdc++_nano.a(functexcept.o)
                              ./Src/main.o (std::__throw_bad_alloc())
c:/st/stm32cubeide_1.7.0/stm32cubeide/plugins/com.st.stm32cube.ide.mcu.externaltools.gnu-tools-for-stm32.9-2020-q2-update.win32_2.0.0.202105311346/tools/bin/../lib/gcc/arm-none-eabi/9.3.1/../../../../arm-none-eabi/lib/thumb/v7e-m+dp/hard\libstdc++_nano.a(shared_ptr.o)
                              ./Src/main.o (std::_Sp_make_shared_tag::_S_eq(std::type_info const&))
c:/st/stm32cubeide_1.7.0/stm32cubeide/plugins/com.st.stm32cube.ide.mcu.externaltools.gnu-tools-for-stm32.9-2020-q2-update.win32_2.0.0.202105311346/tools/bin/../lib/gcc/arm-none-eabi/9.3.1/../../../../arm-none-eabi/lib/thumb/v7e-m+dp/hard\libstdc++_nano.a(snprintf_lite.o)
                              c:/st/stm32cubeide_1.7.0/stm32cubeide/plugins/com.st.stm32cube.ide.mcu.externaltools.gnu-tools-for-stm32.9-2020-q2-update.win32_2.0.0.202105311346/tools/bin/../lib/gcc/arm-none-eabi/9.3.1/../../../../arm-none-eabi/lib/thumb/v7e-m+dp/hard\libstdc++_nano.a(functexcept.o) (__gnu_cxx::__snprintf_lite(char*, unsigned int, char const*, std::__va_list))
c:/st/stm32cubeide_1.7.0/stm32cubeide/plugins/com.st.stm32cube.ide.mcu.externaltools.gnu-tools-for-stm32.9-2020-q2-update.win32_2.0.0.202105311346/tools/bin/../lib/gcc/arm-none-eabi/9.3.1/../../../../arm-none-eabi/lib/thumb/v7e-m+dp/hard\libstdc++_nano.a(class_type_info.o)
                              c:/st/stm32cubeide_1.7.0/stm32cubeide/plugins/com.st.stm32cube.ide.mcu.externaltools.gnu-tools-for-stm32.9-2020-q2-update.win32_2.0.0.202105311346/tools/bin/../lib/gcc/arm-none-eabi/9.3.1/../../../../arm-none-eabi/lib/thumb/v7e-m+dp/hard\libstdc++_nano.a(shared_ptr.o) (vtable for __cxxabiv1::__class_type_info)
c:/st/stm32cubeide_1.7.0/stm32cubeide/plugins/com.st.stm32cube.ide.mcu.externaltools.gnu-tools-for-stm32.9-2020-q2-update.win32_2.0.0.202105311346/tools/bin/../lib/gcc/arm-none-eabi/9.3.1/../../../../arm-none-eabi/lib/thumb/v7e-m+dp/hard\libstdc++_nano.a(eh_exception.o)
                              c:/st/stm32cubeide_1.7.0/stm32cubeide/plugins/com.st.stm32cube.ide.mcu.externaltools.gnu-tools-for-stm32.9-2020-q2-update.win32_2.0.0.202105311346/tools/bin/../lib/gcc/arm-none-eabi/9.3.1/../../../../arm-none-eabi/lib/thumb/v7e-m+dp/hard\libstdc++_nano.a(shared_ptr.o) (std::exception::~exception())
c:/st/stm32cubeide_1.7.0/stm32cubeide/plugins/com.st.stm32cube.ide.mcu.externaltools.gnu-tools-for-stm32.9-2020-q2-update.win32_2.0.0.202105311346/tools/bin/../lib/gcc/arm-none-eabi/9.3.1/../../../../arm-none-eabi/lib/thumb/v7e-m+dp/hard\libstdc++_nano.a(eh_terminate.o)
                              c:/st/stm32cubeide_1.7.0/stm32cubeide/plugins/com.st.stm32cube.ide.mcu.externaltools.gnu-tools-for-stm32.9-2020-q2-update.win32_2.0.0.202105311346/tools/bin/../lib/gcc/arm-none-eabi/9.3.1/../../../../arm-none-eabi/lib/thumb/v7e-m+dp/hard\libstdc++_nano.a(pure.o) (std::terminate())
c:/st/stm32cubeide_1.7.0/stm32cubeide/plugins/com.st.stm32cube.ide.mcu.externaltools.gnu-tools-for-stm32.9-2020-q2-update.win32_2.0.0.202105311346/tools/bin/../lib/gcc/arm-none-eabi/9.3.1/../../../../arm-none-eabi/lib/thumb/v7e-m+dp/hard\libstdc++_nano.a(eh_unex_handler.o)
[...]
Memory Configuration

Name             Origin             Length             Attributes
FLASH            0x0000000008000000 0x0000000000200000 xr
DTCMRAM          0x0000000020000000 0x0000000000020000 xrw
RAM_D1           0x0000000024000000 0x0000000000080000 xrw
RAM_D2           0x0000000030000000 0x0000000000048000 xrw
RAM_D3           0x0000000038000000 0x0000000000010000 xrw
ITCMRAM          0x0000000000000000 0x0000000000010000 xrw
*default*        0x0000000000000000 0xffffffffffffffff

Linker script and memory map

LOAD c:/st/stm32cubeide_1.7.0/stm32cubeide/plugins/com.st.stm32cube.ide.mcu.externaltools.gnu-tools-for-stm32.9-2020-q2-update.win32_2.0.0.202105311346/tools/bin/../lib/gcc/arm-none-eabi/9.3.1/thumb/v7e-m+dp/hard/crti.o
LOAD c:/st/stm32cubeide_1.7.0/stm32cubeide/plugins/com.st.stm32cube.ide.mcu.externaltools.gnu-tools-for-stm32.9-2020-q2-update.win32_2.0.0.202105311346/tools/bin/../lib/gcc/arm-none-eabi/9.3.1/thumb/v7e-m+dp/hard/crtbegin.o
LOAD c:/st/stm32cubeide_1.7.0/stm32cubeide/plugins/com.st.stm32cube.ide.mcu.externaltools.gnu-tools-for-stm32.9-2020-q2-update.win32_2.0.0.202105311346/tools/bin/../lib/gcc/arm-none-eabi/9.3.1/../../../../arm-none-eabi/lib/thumb/v7e-m+dp/hard/crt0.o
LOAD ./Src/Systick.o
LOAD ./Src/Systick_test.o
LOAD ./Src/main.o
LOAD ./Src/syscalls.o
LOAD ./Src/sysmem.o
LOAD ./Startup/startup_stm32h743zitx.o
START GROUP
LOAD c:/st/stm32cubeide_1.7.0/stm32cubeide/plugins/com.st.stm32cube.ide.mcu.externaltools.gnu-tools-for-stm32.9-2020-q2-update.win32_2.0.0.202105311346/tools/bin/../lib/gcc/arm-none-eabi/9.3.1/../../../../arm-none-eabi/lib/thumb/v7e-m+dp/hard\libstdc++_nano.a
LOAD c:/st/stm32cubeide_1.7.0/stm32cubeide/plugins/com.st.stm32cube.ide.mcu.externaltools.gnu-tools-for-stm32.9-2020-q2-update.win32_2.0.0.202105311346/tools/bin/../lib/gcc/arm-none-eabi/9.3.1/../../../../arm-none-eabi/lib/thumb/v7e-m+dp/hard\libsupc++_nano.a
END GROUP
LOAD c:/st/stm32cubeide_1.7.0/stm32cubeide/plugins/com.st.stm32cube.ide.mcu.externaltools.gnu-tools-for-stm32.9-2020-q2-update.win32_2.0.0.202105311346/tools/bin/../lib/gcc/arm-none-eabi/9.3.1/../../../../arm-none-eabi/lib/thumb/v7e-m+dp/hard\libstdc++_nano.a
LOAD c:/st/stm32cubeide_1.7.0/stm32cubeide/plugins/com.st.stm32cube.ide.mcu.externaltools.gnu-tools-for-stm32.9-2020-q2-update.win32_2.0.0.202105311346/tools/bin/../lib/gcc/arm-none-eabi/9.3.1/../../../../arm-none-eabi/lib/thumb/v7e-m+dp/hard\libm.a
LOAD c:/st/stm32cubeide_1.7.0/stm32cubeide/plugins/com.st.stm32cube.ide.mcu.externaltools.gnu-tools-for-stm32.9-2020-q2-update.win32_2.0.0.202105311346/tools/bin/../lib/gcc/arm-none-eabi/9.3.1/../../../../arm-none-eabi/lib/thumb/v7e-m+dp/hard\libc_nano.a
START GROUP
LOAD c:/st/stm32cubeide_1.7.0/stm32cubeide/plugins/com.st.stm32cube.ide.mcu.externaltools.gnu-tools-for-stm32.9-2020-q2-update.win32_2.0.0.202105311346/tools/bin/../lib/gcc/arm-none-eabi/9.3.1/thumb/v7e-m+dp/hard\libgcc.a
LOAD c:/st/stm32cubeide_1.7.0/stm32cubeide/plugins/com.st.stm32cube.ide.mcu.externaltools.gnu-tools-for-stm32.9-2020-q2-update.win32_2.0.0.202105311346/tools/bin/../lib/gcc/arm-none-eabi/9.3.1/../../../../arm-none-eabi/lib/thumb/v7e-m+dp/hard\libc_nano.a
END GROUP
START GROUP
LOAD c:/st/stm32cubeide_1.7.0/stm32cubeide/plugins/com.st.stm32cube.ide.mcu.externaltools.gnu-tools-for-stm32.9-2020-q2-update.win32_2.0.0.202105311346/tools/bin/../lib/gcc/arm-none-eabi/9.3.1/thumb/v7e-m+dp/hard\libgcc.a
LOAD c:/st/stm32cubeide_1.7.0/stm32cubeide/plugins/com.st.stm32cube.ide.mcu.externaltools.gnu-tools-for-stm32.9-2020-q2-update.win32_2.0.0.202105311346/tools/bin/../lib/gcc/arm-none-eabi/9.3.1/../../../../arm-none-eabi/lib/thumb/v7e-m+dp/hard\libc_nano.a
LOAD c:/st/stm32cubeide_1.7.0/stm32cubeide/plugins/com.st.stm32cube.ide.mcu.externaltools.gnu-tools-for-stm32.9-2020-q2-update.win32_2.0.0.202105311346/tools/bin/../lib/gcc/arm-none-eabi/9.3.1/../../../../arm-none-eabi/lib/thumb/v7e-m+dp/hard\libnosys.a
END GROUP
START GROUP
LOAD c:/st/stm32cubeide_1.7.0/stm32cubeide/plugins/com.st.stm32cube.ide.mcu.externaltools.gnu-tools-for-stm32.9-2020-q2-update.win32_2.0.0.202105311346/tools/bin/../lib/gcc/arm-none-eabi/9.3.1/thumb/v7e-m+dp/hard\libgcc.a
LOAD c:/st/stm32cubeide_1.7.0/stm32cubeide/plugins/com.st.stm32cube.ide.mcu.externaltools.gnu-tools-for-stm32.9-2020-q2-update.win32_2.0.0.202105311346/tools/bin/../lib/gcc/arm-none-eabi/9.3.1/../../../../arm-none-eabi/lib/thumb/v7e-m+dp/hard\libc_nano.a
LOAD c:/st/stm32cubeide_1.7.0/stm32cubeide/plugins/com.st.stm32cube.ide.mcu.externaltools.gnu-tools-for-stm32.9-2020-q2-update.win32_2.0.0.202105311346/tools/bin/../lib/gcc/arm-none-eabi/9.3.1/../../../../arm-none-eabi/lib/thumb/v7e-m+dp/hard\libnosys.a
END GROUP
LOAD c:/st/stm32cubeide_1.7.0/stm32cubeide/plugins/com.st.stm32cube.ide.mcu.externaltools.gnu-tools-for-stm32.9-2020-q2-update.win32_2.0.0.202105311346/tools/bin/../lib/gcc/arm-none-eabi/9.3.1/thumb/v7e-m+dp/hard/crtend.o
LOAD c:/st/stm32cubeide_1.7.0/stm32cubeide/plugins/com.st.stm32cube.ide.mcu.externaltools.gnu-tools-for-stm32.9-2020-q2-update.win32_2.0.0.202105311346/tools/bin/../lib/gcc/arm-none-eabi/9.3.1/thumb/v7e-m+dp/hard/crtn.o
                0x0000000024080000                _estack = (ORIGIN (RAM_D1) + LENGTH (RAM_D1))
                0x0000000000000200                _Min_Heap_Size = 0x200
                0x0000000000000400                _Min_Stack_Size = 0x400

.isr_vector     0x0000000008000000      0x298
                0x0000000008000000                . = ALIGN (0x4)
 *(.isr_vector)
 .isr_vector    0x0000000008000000      0x298 ./Startup/startup_stm32h743zitx.o
                0x0000000008000000                g_pfnVectors
                0x0000000008000298                . = ALIGN (0x4)

.text           0x0000000008000298     0x1b08
                0x0000000008000298                . = ALIGN (0x4)
 *(.text)
 .text          0x0000000008000298        0x0 c:/st/stm32cubeide_1.7.0/stm32cubeide/plugins/com.st.stm32cube.ide.mcu.externaltools.gnu-tools-for-stm32.9-2020-q2-update.win32_2.0.0.202105311346/tools/bin/../lib/gcc/arm-none-eabi/9.3.1/thumb/v7e-m+dp/hard/crti.o
 .text          0x0000000008000298       0x40 c:/st/stm32cubeide_1.7.0/stm32cubeide/plugins/com.st.stm32cube.ide.mcu.externaltools.gnu-tools-for-stm32.9-2020-q2-update.win32_2.0.0.202105311346/tools/bin/../lib/gcc/arm-none-eabi/9.3.1/thumb/v7e-m+dp/hard/crtbegin.o
 .text          0x00000000080002d8       0x7c c:/st/stm32cubeide_1.7.0/stm32cubeide/plugins/com.st.stm32cube.ide.mcu.externaltools.gnu-tools-for-stm32.9-2020-q2-update.win32_2.0.0.202105311346/tools/bin/../lib/gcc/arm-none-eabi/9.3.1/../../../../arm-none-eabi/lib/thumb/v7e-m+dp/hard/crt0.o
                0x00000000080002d8                _stack_init
                0x00000000080002e0                _start
                0x00000000080002e0                _mainCRTStartup
 .text          0x0000000008000354        0x0 ./Src/Systick.o
 .text          0x0000000008000354        0x0 ./Src/Systick_test.o
 .text          0x0000000008000354        0x0 ./Src/main.o
 .text          0x0000000008000354        0x0 ./Src/syscalls.o
 .text          0x0000000008000354        0x0 ./Src/sysmem.o
 .text          0x0000000008000354       0x14 ./Startup/startup_stm32h743zitx.o
 .text          0x0000000008000368        0x0 c:/st/stm32cubeide_1.7.0/stm32cubeide/plugins/com.st.stm32cube.ide.mcu.externaltools.gnu-tools-for-stm32.9-2020-q2-update.win32_2.0.0.202105311346/tools/bin/../lib/gcc/arm-none-eabi/9.3.1/../../../../arm-none-eabi/lib/thumb/v7e-m+dp/hard\libstdc++_nano.a(del_op.o)
 .text          0x0000000008000368        0x0 c:/st/stm32cubeide_1.7.0/stm32cubeide/plugins/com.st.stm32cube.ide.mcu.externaltools.gnu-tools-for-stm32.9-2020-q2-update.win32_2.0.0.202105311346/tools/bin/../lib/gcc/arm-none-eabi/9.3.1/../../../../arm-none-eabi/lib/thumb/v7e-m+dp/hard\libstdc++_nano.a(del_ops.o)
 .text          0x0000000008000368        0x0 c:/st/stm32cubeide_1.7.0/stm32cubeide/plugins/com.st.stm32cube.ide.mcu.externaltools.gnu-tools-for-stm32.9-2020-q2-update.win32_2.0.0.202105311346/tools/bin/../lib/gcc/arm-none-eabi/9.3.1/../../../../arm-none-eabi/lib/thumb/v7e-m+dp/hard\libstdc++_nano.a(new_op.o)
 .text          0x0000000008000368        0x0 c:/st/stm32cubeide_1.7.0/stm32cubeide/plugins/com.st.stm32cube.ide.mcu.externaltools.gnu-tools-for-stm32.9-2020-q2-update.win32_2.0.0.202105311346/tools/bin/../lib/gcc/arm-none-eabi/9.3.1/../../../../arm-none-eabi/lib/thumb/v7e-m+dp/hard\libstdc++_nano.a(pure.o)
 .text          0x0000000008000368        0x0 c:/st/stm32cubeide_1.7.0/stm32cubeide/plugins/com.st.stm32cube.ide.mcu.externaltools.gnu-tools-for-stm32.9-2020-q2-update.win32_2.0.0.202105311346/tools/bin/../lib/gcc/arm-none-eabi/9.3.1/../../../../arm-none-eabi/lib/thumb/v7e-m+dp/hard\libstdc++_nano.a(functexcept.o)
 .text          0x0000000008000368        0x0 c:/st/stm32cubeide_1.7.0/stm32cubeide/plugins/com.st.stm32cube.ide.mcu.externaltools.gnu-tools-for-stm32.9-2020-q2-update.win32_2.0.0.202105311346/tools/bin/../lib/gcc/arm-none-eabi/9.3.1/../../../../arm-none-eabi/lib/thumb/v7e-m+dp/hard\libstdc++_nano.a(shared_ptr.o)
 .text          0x0000000008000368        0x0 c:/st/stm32cubeide_1.7.0/stm32cubeide/plugins/com.st.stm32cube.ide.mcu.externaltools.gnu-tools-for-stm32.9-2020-q2-update.win32_2.0.0.202105311346/tools/bin/../lib/gcc/arm-none-eabi/9.3.1/../../../../arm-none-eabi/lib/thumb/v7e-m+dp/hard\libstdc++_nano.a(snprintf_lite.o)
 .text          0x0000000008000368        0x0 c:/st/stm32cubeide_1.7.0/stm32cubeide/plugins/com.st.stm32cube.ide.mcu.externaltools.gnu-tools-for-stm32.9-2020-q2-update.win32_2.0.0.202105311346/tools/bin/../lib/gcc/arm-none-eabi/9.3.1/../../../../arm-none-eabi/lib/thumb/v7e-m+dp/hard\libstdc++_nano.a(class_type_info.o)
 .text          0x0000000008000368        0x0 c:/st/stm32cubeide_1.7.0/stm32cubeide/plugins/com.st.stm32cube.ide.mcu.externaltools.gnu-tools-for-stm32.9-2020-q2-update.win32_2.0.0.202105311346/tools/bin/../lib/gcc/arm-none-eabi/9.3.1/../../../../arm-none-eabi/lib/thumb/v7e-m+dp/hard\libstdc++_nano.a(eh_exception.o)
 .text          0x0000000008000368        0x0 c:/st/stm32cubeide_1.7.0/stm32cubeide/plugins/com.st.stm32cube.ide.mcu.externaltools.gnu-tools-for-stm32.9-2020-q2-update.win32_2.0.0.202105311346/tools/bin/../lib/gcc/arm-none-eabi/9.3.1/../../../../arm-none-eabi/lib/thumb/v7e-m+dp/hard\libstdc++_nano.a(eh_terminate.o)
 .text          0x0000000008000368        0x0 c:/st/stm32cubeide_1.7.0/stm32cubeide/plugins/com.st.stm32cube.ide.mcu.externaltools.gnu-tools-for-stm32.9-2020-q2-update.win32_2.0.0.202105311346/tools/bin/../lib/gcc/arm-none-eabi/9.3.1/../../../../arm-none-eabi/lib/thumb/v7e-m+dp/hard\libstdc++_nano.a(eh_unex_handler.o)
 .text          0x0000000008000368        0x0 c:/st/stm32cubeide_1.7.0/stm32cubeide/plugins/com.st.stm32cube.ide.mcu.externaltools.gnu-tools-for-stm32.9-2020-q2-update.win32_2.0.0.202105311346/tools/bin/../lib/gcc/arm-none-eabi/9.3.1/../../../../arm-none-eabi/lib/thumb/v7e-m+dp/hard\libstdc++_nano.a(guard.o)
 .text          0x0000000008000368        0x0 c:/st/stm32cubeide_1.7.0/stm32cubeide/plugins/com.st.stm32cube.ide.mcu.externaltools.gnu-tools-for-stm32.9-2020-q2-update.win32_2.0.0.202105311346/tools/bin/../lib/gcc/arm-none-eabi/9.3.1/../../../../arm-none-eabi/lib/thumb/v7e-m+dp/hard\libstdc++_nano.a(new_handler.o)
 .text          0x0000000008000368        0x0 c:/st/stm32cubeide_1.7.0/stm32cubeide/plugins/com.st.stm32cube.ide.mcu.externaltools.gnu-tools-for-stm32.9-2020-q2-update.win32_2.0.0.202105311346/tools/bin/../lib/gcc/arm-none-eabi/9.3.1/../../../../arm-none-eabi/lib/thumb/v7e-m+dp/hard\libstdc++_nano.a(si_class_type_info.o)
 .text          0x0000000008000368        0x0 c:/st/stm32cubeide_1.7.0/stm32cubeide/plugins/com.st.stm32cube.ide.mcu.externaltools.gnu-tools-for-stm32.9-2020-q2-update.win32_2.0.0.202105311346/tools/bin/../lib/gcc/arm-none-eabi/9.3.1/../../../../arm-none-eabi/lib/thumb/v7e-m+dp/hard\libstdc++_nano.a(tinfo.o)
 .text          0x0000000008000368        0x0 c:/st/stm32cubeide_1.7.0/stm32cubeide/plugins/com.st.stm32cube.ide.mcu.externaltools.gnu-tools-for-stm32.9-2020-q2-update.win32_2.0.0.202105311346/tools/bin/../lib/gcc/arm-none-eabi/9.3.1/../../../../arm-none-eabi/lib/thumb/v7e-m+dp/hard\libstdc++_nano.a(eh_term_handler.o)
 .text          0x0000000008000368        0x0 c:/st/stm32cubeide_1.7.0/stm32cubeide/plugins/com.st.stm32cube.ide.mcu.externaltools.gnu-tools-for-stm32.9-2020-q2-update.win32_2.0.0.202105311346/tools/bin/../lib/gcc/arm-none-eabi/9.3.1/../../../../arm-none-eabi/lib/thumb/v7e-m+dp/hard\libc_nano.a(lib_a-abort.o)
 .text          0x0000000008000368        0x0 c:/st/stm32cubeide_1.7.0/stm32cubeide/plugins/com.st.stm32cube.ide.mcu.externaltools.gnu-tools-for-stm32.9-2020-q2-update.win32_2.0.0.202105311346/tools/bin/../lib/gcc/arm-none-eabi/9.3.1/../../../../arm-none-eabi/lib/thumb/v7e-m+dp/hard\libc_nano.a(lib_a-errno.o)
 .text          0x0000000008000368        0x0 c:/st/stm32cubeide_1.7.0/stm32cubeide/plugins/com.st.stm32cube.ide.mcu.externaltools.gnu-tools-for-stm32.9-2020-q2-update.win32_2.0.0.202105311346/tools/bin/../lib/gcc/arm-none-eabi/9.3.1/../../../../arm-none-eabi/lib/thumb/v7e-m+dp/hard\libc_nano.a(lib_a-exit.o)
 .text          0x0000000008000368        0x0 c:/st/stm32cubeide_1.7.0/stm32cubeide/plugins/com.st.stm32cube.ide.mcu.externaltools.gnu-tools-for-stm32.9-2020-q2-update.win32_2.0.0.202105311346/tools/bin/../lib/gcc/arm-none-eabi/9.3.1/../../../../arm-none-eabi/lib/thumb/v7e-m+dp/hard\libc_nano.a(lib_a-impure.o)
 .text          0x0000000008000368        0x0 c:/st/stm32cubeide_1.7.0/stm32cubeide/plugins/com.st.stm32cube.ide.mcu.externaltools.gnu-tools-for-stm32.9-2020-q2-update.win32_2.0.0.202105311346/tools/bin/../lib/gcc/arm-none-eabi/9.3.1/../../../../arm-none-eabi/lib/thumb/v7e-m+dp/hard\libc_nano.a(lib_a-init.o)
 .text          0x0000000008000368        0x0 c:/st/stm32cubeide_1.7.0/stm32cubeide/plugins/com.st.stm32cube.ide.mcu.externaltools.gnu-tools-for-stm32.9-2020-q2-update.win32_2.0.0.202105311346/tools/bin/../lib/gcc/arm-none-eabi/9.3.1/../../../../arm-none-eabi/lib/thumb/v7e-m+dp/hard\libc_nano.a(lib_a-malloc.o)
 .text          0x0000000008000368        0x0 c:/st/stm32cubeide_1.7.0/stm32cubeide/plugins/com.st.stm32cube.ide.mcu.externaltools.gnu-tools-for-stm32.9-2020-q2-update.win32_2.0.0.202105311346/tools/bin/../lib/gcc/arm-none-eabi/9.3.1/../../../../arm-none-eabi/lib/thumb/v7e-m+dp/hard\libc_nano.a(lib_a-memcpy-stub.o)
 .text          0x0000000008000368        0x0 c:/st/stm32cubeide_1.7.0/stm32cubeide/plugins/com.st.stm32cube.ide.mcu.externaltools.gnu-tools-for-stm32.9-2020-q2-update.win32_2.0.0.202105311346/tools/bin/../lib/gcc/arm-none-eabi/9.3.1/../../../../arm-none-eabi/lib/thumb/v7e-m+dp/hard\libc_nano.a(lib_a-memset.o)
 .text          0x0000000008000368        0x0 c:/st/stm32cubeide_1.7.0/stm32cubeide/plugins/com.st.stm32cube.ide.mcu.externaltools.gnu-tools-for-stm32.9-2020-q2-update.win32_2.0.0.202105311346/tools/bin/../lib/gcc/arm-none-eabi/9.3.1/../../../../arm-none-eabi/lib/thumb/v7e-m+dp/hard\libc_nano.a(lib_a-nano-freer.o)
 .text          0x0000000008000368        0x0 c:/st/stm32cubeide_1.7.0/stm32cubeide/plugins/com.st.stm32cube.ide.mcu.externaltools.gnu-tools-for-stm32.9-2020-q2-update.win32_2.0.0.202105311346/tools/bin/../lib/gcc/arm-none-eabi/9.3.1/../../../../arm-none-eabi/lib/thumb/v7e-m+dp/hard\libc_nano.a(lib_a-nano-mallocr.o)
 .text          0x0000000008000368        0x0 c:/st/stm32cubeide_1.7.0/stm32cubeide/plugins/com.st.stm32cube.ide.mcu.externaltools.gnu-tools-for-stm32.9-2020-q2-update.win32_2.0.0.202105311346/tools/bin/../lib/gcc/arm-none-eabi/9.3.1/../../../../arm-none-eabi/lib/thumb/v7e-m+dp/hard\libc_nano.a(lib_a-sbrkr.o)
 .text          0x0000000008000368        0x0 c:/st/stm32cubeide_1.7.0/stm32cubeide/plugins/com.st.stm32cube.ide.mcu.externaltools.gnu-tools-for-stm32.9-2020-q2-update.win32_2.0.0.202105311346/tools/bin/../lib/gcc/arm-none-eabi/9.3.1/../../../../arm-none-eabi/lib/thumb/v7e-m+dp/hard\libc_nano.a(lib_a-signal.o)
 .text          0x0000000008000368        0x0 c:/st/stm32cubeide_1.7.0/stm32cubeide/plugins/com.st.stm32cube.ide.mcu.externaltools.gnu-tools-for-stm32.9-2020-q2-update.win32_2.0.0.202105311346/tools/bin/../lib/gcc/arm-none-eabi/9.3.1/../../../../arm-none-eabi/lib/thumb/v7e-m+dp/hard\libc_nano.a(lib_a-signalr.o)
 .text          0x0000000008000368       0x14 c:/st/stm32cubeide_1.7.0/stm32cubeide/plugins/com.st.stm32cube.ide.mcu.externaltools.gnu-tools-for-stm32.9-2020-q2-update.win32_2.0.0.202105311346/tools/bin/../lib/gcc/arm-none-eabi/9.3.1/../../../../arm-none-eabi/lib/thumb/v7e-m+dp/hard\libc_nano.a(lib_a-strcmp.o)
                0x0000000008000368                strcmp
 .text          0x000000000800037c       0x10 c:/st/stm32cubeide_1.7.0/stm32cubeide/plugins/com.st.stm32cube.ide.mcu.externaltools.gnu-tools-for-stm32.9-2020-q2-update.win32_2.0.0.202105311346/tools/bin/../lib/gcc/arm-none-eabi/9.3.1/../../../../arm-none-eabi/lib/thumb/v7e-m+dp/hard\libc_nano.a(lib_a-strlen.o)
                0x000000000800037c                strlen
 .text          0x000000000800038c        0x0 c:/st/stm32cubeide_1.7.0/stm32cubeide/plugins/com.st.stm32cube.ide.mcu.externaltools.gnu-tools-for-stm32.9-2020-q2-update.win32_2.0.0.202105311346/tools/bin/../lib/gcc/arm-none-eabi/9.3.1/../../../../arm-none-eabi/lib/thumb/v7e-m+dp/hard\libc_nano.a(lib_a-mlock.o)
 .text          0x000000000800038c        0x0 c:/st/stm32cubeide_1.7.0/stm32cubeide/plugins/com.st.stm32cube.ide.mcu.externaltools.gnu-tools-for-stm32.9-2020-q2-update.win32_2.0.0.202105311346/tools/bin/../lib/gcc/arm-none-eabi/9.3.1/../../../../arm-none-eabi/lib/thumb/v7e-m+dp/hard\libc_nano.a(lib_a-reent.o)
 .text          0x000000000800038c        0x0 c:/st/stm32cubeide_1.7.0/stm32cubeide/plugins/com.st.stm32cube.ide.mcu.externaltools.gnu-tools-for-stm32.9-2020-q2-update.win32_2.0.0.202105311346/tools/bin/../lib/gcc/arm-none-eabi/9.3.1/../../../../arm-none-eabi/lib/thumb/v7e-m+dp/hard\libc_nano.a(lib_a-lock.o)
 .text          0x000000000800038c        0x0 c:/st/stm32cubeide_1.7.0/stm32cubeide/plugins/com.st.stm32cube.ide.mcu.externaltools.gnu-tools-for-stm32.9-2020-q2-update.win32_2.0.0.202105311346/tools/bin/../lib/gcc/arm-none-eabi/9.3.1/thumb/v7e-m+dp/hard/crtend.o
 .text          0x000000000800038c        0x0 c:/st/stm32cubeide_1.7.0/stm32cubeide/plugins/com.st.stm32cube.ide.mcu.externaltools.gnu-tools-for-stm32.9-2020-q2-update.win32_2.0.0.202105311346/tools/bin/../lib/gcc/arm-none-eabi/9.3.1/thumb/v7e-m+dp/hard/crtn.o
 *(.text*)
 .text._Z20EnumToUnderlyingTypeIN3HAL14SystickControlES1_ENSt15underlying_typeIT_E4typeES3_
                0x000000000800038c       0x16 ./Src/Systick.o
                0x000000000800038c                std::underlying_type<HAL::SystickControl>::type EnumToUnderlyingType<HAL::SystickControl, HAL::SystickControl>(HAL::SystickControl)
 *fill*         0x00000000080003a2        0x2 
 .text._ZN3HAL7SystickC2Emm
                0x00000000080003a4      0x130 ./Src/Systick.o
                0x00000000080003a4                HAL::Systick::Systick(unsigned long, unsigned long)
                0x00000000080003a4                HAL::Systick::Systick(unsigned long, unsigned long)
 .text._ZN3HAL7SystickD2Ev
                0x00000000080004d4       0x24 ./Src/Systick.o
                0x00000000080004d4                HAL::Systick::~Systick()
                0x00000000080004d4                HAL::Systick::~Systick()
 .text._ZN3HAL7SystickD0Ev
                0x00000000080004f8       0x20 ./Src/Systick.o
                0x00000000080004f8                HAL::Systick::~Systick()
 .text._ZN3HAL7Systick6EnableEv
                0x0000000008000518       0x36 ./Src/Systick.o
                0x0000000008000518                HAL::Systick::Enable()
 .text._ZN3HAL7Systick7DisableEv
                0x000000000800054e       0x36 ./Src/Systick.o
                0x000000000800054e                HAL::Systick::Disable()
 .text._ZN3HAL7Systick14AcknowledgeIrqEv
                0x0000000008000584       0x14 ./Src/Systick.o
                0x0000000008000584                HAL::Systick::AcknowledgeIrq()
 .text._ZN3HAL7Systick11GetIntervalEv
                0x0000000008000598       0x1e ./Src/Systick.o
                0x0000000008000598                HAL::Systick::GetInterval()
 .text._ZN3HAL7Systick8GetCountEv
                0x00000000080005b6       0x2c ./Src/Systick.o
                0x00000000080005b6                HAL::Systick::GetCount()
 .text._ZN3HAL7Systick11GetOverflowEv
                0x00000000080005e2       0x22 ./Src/Systick.o
                0x00000000080005e2                HAL::Systick::GetOverflow()
 .text._ZN8RegisterILj32E9ReadWriteEC2Em
                0x0000000008000604       0x1e ./Src/Systick.o
                0x0000000008000604                Register<32u, ReadWrite>::Register(unsigned long)
                0x0000000008000604                Register<32u, ReadWrite>::Register(unsigned long)
 .text._ZN8RegisterILj32E9ReadWriteEixEj
                0x0000000008000622       0x1e ./Src/Systick.o
                0x0000000008000622                Register<32u, ReadWrite>::operator[](unsigned int)
 .text._ZN8RegisterILj32E9ReadWriteE8BitfieldaSEm
                0x0000000008000640       0x1c ./Src/Systick.o
                0x0000000008000640                Register<32u, ReadWrite>::Bitfield::operator=(unsigned long)
 .text._ZN8RegisterILj32E9ReadWriteEaSEm
                0x000000000800065c       0x1c ./Src/Systick.o
                0x000000000800065c                Register<32u, ReadWrite>::operator=(unsigned long)
 .text._ZNK8RegisterILj32E9ReadWriteEcvmEv
                0x0000000008000678       0x1a ./Src/Systick.o
                0x0000000008000678                Register<32u, ReadWrite>::operator unsigned long() const
 .text._ZN8RegisterILj32E9ReadWriteE8BitfieldC2EPS1_j
                0x0000000008000692       0x26 ./Src/Systick.o
                0x0000000008000692                Register<32u, ReadWrite>::Bitfield::Bitfield(Register<32u, ReadWrite>*, unsigned int)
                0x0000000008000692                Register<32u, ReadWrite>::Bitfield::Bitfield(Register<32u, ReadWrite>*, unsigned int)
 .text._ZN8RegisterILj32E9ReadWriteE8Bitfield5writeEm9WriteOnly
                0x00000000080006b8       0x5e ./Src/Systick.o
                0x00000000080006b8                Register<32u, ReadWrite>::Bitfield::write(unsigned long, WriteOnly)
 .text._ZN8RegisterILj32E9ReadWriteE5writeEm9WriteOnly
                0x0000000008000716       0x28 ./Src/Systick.o
                0x0000000008000716                Register<32u, ReadWrite>::write(unsigned long, WriteOnly)
 .text._ZNK8RegisterILj32E9ReadWriteE4readE8ReadOnly
                0x000000000800073e       0x1c ./Src/Systick.o
                0x000000000800073e                Register<32u, ReadWrite>::read(ReadOnly) const
 .text._ZnwjPv  0x000000000800075a       0x18 ./Src/main.o
                0x000000000800075a                operator new(unsigned int, void*)
 .text._ZL20__gthread_key_deletei
                0x0000000008000772       0x16 ./Src/main.o
 .text._ZNSt19_Sp_make_shared_tag5_S_tiEv
                0x0000000008000788       0x14 ./Src/main.o
                0x0000000008000788                std::_Sp_make_shared_tag::_S_ti()
 .text.main     0x000000000800079c       0x38 ./Src/main.o
                0x000000000800079c                main
 .text.SysTick_Handler
                0x00000000080007d4       0x1c ./Src/main.o
                0x00000000080007d4                SysTick_Handler
 .text.WWDG1_IRQHandler
                0x00000000080007f0        0xe ./Src/main.o
                0x00000000080007f0                WWDG1_IRQHandler
 .text._ZNSt16_Sp_counted_baseILN9__gnu_cxx12_Lock_policyE0EE10_M_destroyEv
                0x00000000080007fe       0x22 ./Src/main.o
                0x00000000080007fe                std::_Sp_counted_base<(__gnu_cxx::_Lock_policy)0>::_M_destroy()
 .text._ZSt11make_sharedIN3HAL7SystickEJiiEESt10shared_ptrIT_EDpOT0_
                0x0000000008000820       0x46 ./Src/main.o
                0x0000000008000820                std::shared_ptr<HAL::Systick> std::make_shared<HAL::Systick, int, int>(int&&, int&&)
 .text._ZNKSt19__shared_ptr_accessIN3HAL7SystickELN9__gnu_cxx12_Lock_policyE0ELb0ELb0EEptEv
                0x0000000008000866       0x18 ./Src/main.o
                0x0000000008000866                std::__shared_ptr_access<HAL::Systick, (__gnu_cxx::_Lock_policy)0, false, false>::operator->() const
 *fill*         0x000000000800087e        0x2 
 .text._ZNSt16_Sp_counted_baseILN9__gnu_cxx12_Lock_policyE0EED2Ev
                0x0000000008000880       0x20 ./Src/main.o
                0x0000000008000880                std::_Sp_counted_base<(__gnu_cxx::_Lock_policy)0>::~_Sp_counted_base()
                0x0000000008000880                std::_Sp_counted_base<(__gnu_cxx::_Lock_policy)0>::~_Sp_counted_base()
 .text._ZNSt16_Sp_counted_baseILN9__gnu_cxx12_Lock_policyE0EED0Ev
                0x00000000080008a0       0x20 ./Src/main.o
                0x00000000080008a0                std::_Sp_counted_base<(__gnu_cxx::_Lock_policy)0>::~_Sp_counted_base()
 .text._ZNSaIN3HAL7SystickEEC2Ev
                0x00000000080008c0       0x18 ./Src/main.o
                0x00000000080008c0                std::allocator<HAL::Systick>::allocator()
                0x00000000080008c0                std::allocator<HAL::Systick>::allocator()
 .text._ZNSaIN3HAL7SystickEED2Ev
                0x00000000080008d8       0x18 ./Src/main.o
                0x00000000080008d8                std::allocator<HAL::Systick>::~allocator()
                0x00000000080008d8                std::allocator<HAL::Systick>::~allocator()
 .text._ZSt7forwardIiEOT_RNSt16remove_referenceIS0_E4typeE
                0x00000000080008f0       0x16 ./Src/main.o
                0x00000000080008f0                int&& std::forward<int>(std::remove_reference<int>::type&)
 .text._ZSt15allocate_sharedIN3HAL7SystickESaIS1_EJiiEESt10shared_ptrIT_ERKT0_DpOT1_
                0x0000000008000906       0x32 ./Src/main.o
                0x0000000008000906                std::shared_ptr<HAL::Systick> std::allocate_shared<HAL::Systick, std::allocator<HAL::Systick>, int, int>(std::allocator<HAL::Systick> const&, int&&, int&&)
 .text._ZNKSt19__shared_ptr_accessIN3HAL7SystickELN9__gnu_cxx12_Lock_policyE0ELb0ELb0EE6_M_getEv
                0x0000000008000938       0x18 ./Src/main.o
                0x0000000008000938                std::__shared_ptr_access<HAL::Systick, (__gnu_cxx::_Lock_policy)0, false, false>::_M_get() const
 .text._ZN9__gnu_cxx13new_allocatorIN3HAL7SystickEEC2Ev
                0x0000000008000950       0x16 ./Src/main.o
                0x0000000008000950                __gnu_cxx::new_allocator<HAL::Systick>::new_allocator()
                0x0000000008000950                __gnu_cxx::new_allocator<HAL::Systick>::new_allocator()
 .text._ZN9__gnu_cxx13new_allocatorIN3HAL7SystickEED2Ev
                0x0000000008000966       0x16 ./Src/main.o
                0x0000000008000966                __gnu_cxx::new_allocator<HAL::Systick>::~new_allocator()
                0x0000000008000966                __gnu_cxx::new_allocator<HAL::Systick>::~new_allocator()
 .text._ZNSt10shared_ptrIN3HAL7SystickEEC2ISaIS1_EJiiEEESt20_Sp_alloc_shared_tagIT_EDpOT0_
                0x000000000800097c       0x34 ./Src/main.o
                0x000000000800097c                std::shared_ptr<HAL::Systick>::shared_ptr<std::allocator<HAL::Systick>, int, int>(std::_Sp_alloc_shared_tag<std::allocator<HAL::Systick> >, int&&, int&&)
                0x000000000800097c                std::shared_ptr<HAL::Systick>::shared_ptr<std::allocator<HAL::Systick>, int, int>(std::_Sp_alloc_shared_tag<std::allocator<HAL::Systick> >, int&&, int&&)
 .text._ZNKSt12__shared_ptrIN3HAL7SystickELN9__gnu_cxx12_Lock_policyE0EE3getEv
                0x00000000080009b0       0x18 ./Src/main.o
                0x00000000080009b0                std::__shared_ptr<HAL::Systick, (__gnu_cxx::_Lock_policy)0>::get() const
 .text._ZNSt12__shared_ptrIN3HAL7SystickELN9__gnu_cxx12_Lock_policyE0EEC2ISaIS1_EJiiEEESt20_Sp_alloc_shared_tagIT_EDpOT0_
                0x00000000080009c8       0x4e ./Src/main.o
                0x00000000080009c8                std::__shared_ptr<HAL::Systick, (__gnu_cxx::_Lock_policy)0>::__shared_ptr<std::allocator<HAL::Systick>, int, int>(std::_Sp_alloc_shared_tag<std::allocator<HAL::Systick> >, int&&, int&&)
                0x00000000080009c8                std::__shared_ptr<HAL::Systick, (__gnu_cxx::_Lock_policy)0>::__shared_ptr<std::allocator<HAL::Systick>, int, int>(std::_Sp_alloc_shared_tag<std::allocator<HAL::Systick> >, int&&, int&&)
 .text._ZNSt14__shared_countILN9__gnu_cxx12_Lock_policyE0EEC2IN3HAL7SystickESaIS5_EJiiEEERPT_St20_Sp_alloc_shared_tagIT0_EDpOT1_
                0x0000000008000a16       0xbe ./Src/main.o
                0x0000000008000a16                std::__shared_count<(__gnu_cxx::_Lock_policy)0>::__shared_count<HAL::Systick, std::allocator<HAL::Systick>, int, int>(HAL::Systick*&, std::_Sp_alloc_shared_tag<std::allocator<HAL::Systick> >, int&&, int&&)
                0x0000000008000a16                std::__shared_count<(__gnu_cxx::_Lock_policy)0>::__shared_count<HAL::Systick, std::allocator<HAL::Systick>, int, int>(HAL::Systick*&, std::_Sp_alloc_shared_tag<std::allocator<HAL::Systick> >, int&&, int&&)
 .text._ZNSt12__shared_ptrIN3HAL7SystickELN9__gnu_cxx12_Lock_policyE0EE31_M_enable_shared_from_this_withIS1_S1_EENSt9enable_ifIXntsrNS4_15__has_esft_baseIT0_vEE5valueEvE4typeEPT_
                0x0000000008000ad4       0x16 ./Src/main.o
                0x0000000008000ad4                std::enable_if<!std::__shared_ptr<HAL::Systick, (__gnu_cxx::_Lock_policy)0>::__has_esft_base<HAL::Systick, void>::value, void>::type std::__shared_ptr<HAL::Systick, (__gnu_cxx::_Lock_policy)0>::_M_enable_shared_from_this_with<HAL::Systick, HAL::Systick>(HAL::Systick*)
 .text._ZNSaISt23_Sp_counted_ptr_inplaceIN3HAL7SystickESaIS1_ELN9__gnu_cxx12_Lock_policyE0EEEC2IS1_EERKSaIT_E
                0x0000000008000aea       0x1a ./Src/main.o
                0x0000000008000aea                std::allocator<std::_Sp_counted_ptr_inplace<HAL::Systick, std::allocator<HAL::Systick>, (__gnu_cxx::_Lock_policy)0> >::allocator<HAL::Systick>(std::allocator<HAL::Systick> const&)
                0x0000000008000aea                std::allocator<std::_Sp_counted_ptr_inplace<HAL::Systick, std::allocator<HAL::Systick>, (__gnu_cxx::_Lock_policy)0> >::allocator<HAL::Systick>(std::allocator<HAL::Systick> const&)
 .text._ZNSaISt23_Sp_counted_ptr_inplaceIN3HAL7SystickESaIS1_ELN9__gnu_cxx12_Lock_policyE0EEED2Ev
                0x0000000008000b04       0x18 ./Src/main.o
                0x0000000008000b04                std::allocator<std::_Sp_counted_ptr_inplace<HAL::Systick, std::allocator<HAL::Systick>, (__gnu_cxx::_Lock_policy)0> >::~allocator()
                0x0000000008000b04                std::allocator<std::_Sp_counted_ptr_inplace<HAL::Systick, std::allocator<HAL::Systick>, (__gnu_cxx::_Lock_policy)0> >::~allocator()
 .text._ZSt18__allocate_guardedISaISt23_Sp_counted_ptr_inplaceIN3HAL7SystickESaIS2_ELN9__gnu_cxx12_Lock_policyE0EEEESt15__allocated_ptrIT_ERS9_
                0x0000000008000b1c       0x26 ./Src/main.o
                0x0000000008000b1c                std::__allocated_ptr<std::allocator<std::_Sp_counted_ptr_inplace<HAL::Systick, std::allocator<HAL::Systick>, (__gnu_cxx::_Lock_policy)0> > > std::__allocate_guarded<std::allocator<std::_Sp_counted_ptr_inplace<HAL::Systick, std::allocator<HAL::Systick>, (__gnu_cxx::_Lock_policy)0> > >(std::allocator<std::_Sp_counted_ptr_inplace<HAL::Systick, std::allocator<HAL::Systick>, (__gnu_cxx::_Lock_policy)0> >&)
 .text._ZNSt15__allocated_ptrISaISt23_Sp_counted_ptr_inplaceIN3HAL7SystickESaIS2_ELN9__gnu_cxx12_Lock_policyE0EEEED2Ev
                0x0000000008000b42       0x2a ./Src/main.o
                0x0000000008000b42                std::__allocated_ptr<std::allocator<std::_Sp_counted_ptr_inplace<HAL::Systick, std::allocator<HAL::Systick>, (__gnu_cxx::_Lock_policy)0> > >::~__allocated_ptr()
                0x0000000008000b42                std::__allocated_ptr<std::allocator<std::_Sp_counted_ptr_inplace<HAL::Systick, std::allocator<HAL::Systick>, (__gnu_cxx::_Lock_policy)0> > >::~__allocated_ptr()
 .text._ZNSt15__allocated_ptrISaISt23_Sp_counted_ptr_inplaceIN3HAL7SystickESaIS2_ELN9__gnu_cxx12_Lock_policyE0EEEE3getEv
                0x0000000008000b6c       0x1c ./Src/main.o
                0x0000000008000b6c                std::__allocated_ptr<std::allocator<std::_Sp_counted_ptr_inplace<HAL::Systick, std::allocator<HAL::Systick>, (__gnu_cxx::_Lock_policy)0> > >::get()
 .text._ZNSaIN3HAL7SystickEEC2ERKS1_
                0x0000000008000b88       0x1c ./Src/main.o
                0x0000000008000b88                std::allocator<HAL::Systick>::allocator(std::allocator<HAL::Systick> const&)
                0x0000000008000b88                std::allocator<HAL::Systick>::allocator(std::allocator<HAL::Systick> const&)
 .text._ZNSt14_Sp_ebo_helperILi0ESaIN3HAL7SystickEELb1EED2Ev
                0x0000000008000ba4       0x18 ./Src/main.o
                0x0000000008000ba4                std::_Sp_ebo_helper<0, std::allocator<HAL::Systick>, true>::~_Sp_ebo_helper()
                0x0000000008000ba4                std::_Sp_ebo_helper<0, std::allocator<HAL::Systick>, true>::~_Sp_ebo_helper()
 .text._ZNSt23_Sp_counted_ptr_inplaceIN3HAL7SystickESaIS1_ELN9__gnu_cxx12_Lock_policyE0EE5_ImplD2Ev
                0x0000000008000bbc       0x18 ./Src/main.o
                0x0000000008000bbc                std::_Sp_counted_ptr_inplace<HAL::Systick, std::allocator<HAL::Systick>, (__gnu_cxx::_Lock_policy)0>::_Impl::~_Impl()
                0x0000000008000bbc                std::_Sp_counted_ptr_inplace<HAL::Systick, std::allocator<HAL::Systick>, (__gnu_cxx::_Lock_policy)0>::_Impl::~_Impl()
 .text._ZNSt23_Sp_counted_ptr_inplaceIN3HAL7SystickESaIS1_ELN9__gnu_cxx12_Lock_policyE0EEC2IJiiEEES2_DpOT_
                0x0000000008000bd4       0x74 ./Src/main.o
                0x0000000008000bd4                std::_Sp_counted_ptr_inplace<HAL::Systick, std::allocator<HAL::Systick>, (__gnu_cxx::_Lock_policy)0>::_Sp_counted_ptr_inplace<int, int>(std::allocator<HAL::Systick>, int&&, int&&)
                0x0000000008000bd4                std::_Sp_counted_ptr_inplace<HAL::Systick, std::allocator<HAL::Systick>, (__gnu_cxx::_Lock_policy)0>::_Sp_counted_ptr_inplace<int, int>(std::allocator<HAL::Systick>, int&&, int&&)
 .text._ZNSt15__allocated_ptrISaISt23_Sp_counted_ptr_inplaceIN3HAL7SystickESaIS2_ELN9__gnu_cxx12_Lock_policyE0EEEEaSEDn
                0x0000000008000c48       0x1e ./Src/main.o
                0x0000000008000c48                std::__allocated_ptr<std::allocator<std::_Sp_counted_ptr_inplace<HAL::Systick, std::allocator<HAL::Systick>, (__gnu_cxx::_Lock_policy)0> > >::operator=(decltype(nullptr))
 .text._ZNSt23_Sp_counted_ptr_inplaceIN3HAL7SystickESaIS1_ELN9__gnu_cxx12_Lock_policyE0EE6_M_ptrEv
                0x0000000008000c66       0x1c ./Src/main.o
                0x0000000008000c66                std::_Sp_counted_ptr_inplace<HAL::Systick, std::allocator<HAL::Systick>, (__gnu_cxx::_Lock_policy)0>::_M_ptr()
 .text._ZN9__gnu_cxx13new_allocatorISt23_Sp_counted_ptr_inplaceIN3HAL7SystickESaIS3_ELNS_12_Lock_policyE0EEEC2Ev
                0x0000000008000c82       0x16 ./Src/main.o
                0x0000000008000c82                __gnu_cxx::new_allocator<std::_Sp_counted_ptr_inplace<HAL::Systick, std::allocator<HAL::Systick>, (__gnu_cxx::_Lock_policy)0> >::new_allocator()
                0x0000000008000c82                __gnu_cxx::new_allocator<std::_Sp_counted_ptr_inplace<HAL::Systick, std::allocator<HAL::Systick>, (__gnu_cxx::_Lock_policy)0> >::new_allocator()
 .text._ZN9__gnu_cxx13new_allocatorISt23_Sp_counted_ptr_inplaceIN3HAL7SystickESaIS3_ELNS_12_Lock_policyE0EEED2Ev
                0x0000000008000c98       0x16 ./Src/main.o
                0x0000000008000c98                __gnu_cxx::new_allocator<std::_Sp_counted_ptr_inplace<HAL::Systick, std::allocator<HAL::Systick>, (__gnu_cxx::_Lock_policy)0> >::~new_allocator()
                0x0000000008000c98                __gnu_cxx::new_allocator<std::_Sp_counted_ptr_inplace<HAL::Systick, std::allocator<HAL::Systick>, (__gnu_cxx::_Lock_policy)0> >::~new_allocator()
 .text._ZNSt16allocator_traitsISaISt23_Sp_counted_ptr_inplaceIN3HAL7SystickESaIS2_ELN9__gnu_cxx12_Lock_policyE0EEEE8allocateERS7_j
                0x0000000008000cae       0x1e ./Src/main.o
                0x0000000008000cae                std::allocator_traits<std::allocator<std::_Sp_counted_ptr_inplace<HAL::Systick, std::allocator<HAL::Systick>, (__gnu_cxx::_Lock_policy)0> > >::allocate(std::allocator<std::_Sp_counted_ptr_inplace<HAL::Systick, std::allocator<HAL::Systick>, (__gnu_cxx::_Lock_policy)0> >&, unsigned int)
 .text._ZNSt15__allocated_ptrISaISt23_Sp_counted_ptr_inplaceIN3HAL7SystickESaIS2_ELN9__gnu_cxx12_Lock_policyE0EEEEC2ERS7_PS6_
                0x0000000008000ccc       0x28 ./Src/main.o
                0x0000000008000ccc                std::__allocated_ptr<std::allocator<std::_Sp_counted_ptr_inplace<HAL::Systick, std::allocator<HAL::Systick>, (__gnu_cxx::_Lock_policy)0> > >::__allocated_ptr(std::allocator<std::_Sp_counted_ptr_inplace<HAL::Systick, std::allocator<HAL::Systick>, (__gnu_cxx::_Lock_policy)0> >&, std::_Sp_counted_ptr_inplace<HAL::Systick, std::allocator<HAL::Systick>, (__gnu_cxx::_Lock_policy)0>*)
                0x0000000008000ccc                std::__allocated_ptr<std::allocator<std::_Sp_counted_ptr_inplace<HAL::Systick, std::allocator<HAL::Systick>, (__gnu_cxx::_Lock_policy)0> > >::__allocated_ptr(std::allocator<std::_Sp_counted_ptr_inplace<HAL::Systick, std::allocator<HAL::Systick>, (__gnu_cxx::_Lock_policy)0> >&, std::_Sp_counted_ptr_inplace<HAL::Systick, std::allocator<HAL::Systick>, (__gnu_cxx::_Lock_policy)0>*)
 .text._ZNSt16allocator_traitsISaISt23_Sp_counted_ptr_inplaceIN3HAL7SystickESaIS2_ELN9__gnu_cxx12_Lock_policyE0EEEE10deallocateERS7_PS6_j
                0x0000000008000cf4       0x1e ./Src/main.o
                0x0000000008000cf4                std::allocator_traits<std::allocator<std::_Sp_counted_ptr_inplace<HAL::Systick, std::allocator<HAL::Systick>, (__gnu_cxx::_Lock_policy)0> > >::deallocate(std::allocator<std::_Sp_counted_ptr_inplace<HAL::Systick, std::allocator<HAL::Systick>, (__gnu_cxx::_Lock_policy)0> >&, std::_Sp_counted_ptr_inplace<HAL::Systick, std::allocator<HAL::Systick>, (__gnu_cxx::_Lock_policy)0>*, unsigned int)
 .text._ZSt12__to_addressISt23_Sp_counted_ptr_inplaceIN3HAL7SystickESaIS2_ELN9__gnu_cxx12_Lock_policyE0EEEPT_S8_
                0x0000000008000d12       0x16 ./Src/main.o
                0x0000000008000d12                std::_Sp_counted_ptr_inplace<HAL::Systick, std::allocator<HAL::Systick>, (__gnu_cxx::_Lock_policy)0>* std::__to_address<std::_Sp_counted_ptr_inplace<HAL::Systick, std::allocator<HAL::Systick>, (__gnu_cxx::_Lock_policy)0> >(std::_Sp_counted_ptr_inplace<HAL::Systick, std::allocator<HAL::Systick>, (__gnu_cxx::_Lock_policy)0>*)
 .text._ZN9__gnu_cxx13new_allocatorIN3HAL7SystickEEC2ERKS3_
                0x0000000008000d28       0x18 ./Src/main.o
                0x0000000008000d28                __gnu_cxx::new_allocator<HAL::Systick>::new_allocator(__gnu_cxx::new_allocator<HAL::Systick> const&)
                0x0000000008000d28                __gnu_cxx::new_allocator<HAL::Systick>::new_allocator(__gnu_cxx::new_allocator<HAL::Systick> const&)
 .text._ZNSt16_Sp_counted_baseILN9__gnu_cxx12_Lock_policyE0EEC2Ev
                0x0000000008000d40       0x2c ./Src/main.o
                0x0000000008000d40                std::_Sp_counted_base<(__gnu_cxx::_Lock_policy)0>::_Sp_counted_base()
                0x0000000008000d40                std::_Sp_counted_base<(__gnu_cxx::_Lock_policy)0>::_Sp_counted_base()
 .text._ZNSt23_Sp_counted_ptr_inplaceIN3HAL7SystickESaIS1_ELN9__gnu_cxx12_Lock_policyE0EE5_ImplC2ES2_
                0x0000000008000d6c       0x1c ./Src/main.o
                0x0000000008000d6c                std::_Sp_counted_ptr_inplace<HAL::Systick, std::allocator<HAL::Systick>, (__gnu_cxx::_Lock_policy)0>::_Impl::_Impl(std::allocator<HAL::Systick>)
                0x0000000008000d6c                std::_Sp_counted_ptr_inplace<HAL::Systick, std::allocator<HAL::Systick>, (__gnu_cxx::_Lock_policy)0>::_Impl::_Impl(std::allocator<HAL::Systick>)
 .text._ZNSt16allocator_traitsISaIN3HAL7SystickEEE9constructIS1_JiiEEEvRS2_PT_DpOT0_
                0x0000000008000d88       0x30 ./Src/main.o
                0x0000000008000d88                void std::allocator_traits<std::allocator<HAL::Systick> >::construct<HAL::Systick, int, int>(std::allocator<HAL::Systick>&, HAL::Systick*, int&&, int&&)
 .text._ZN9__gnu_cxx16__aligned_bufferIN3HAL7SystickEE6_M_ptrEv
                0x0000000008000db8       0x18 ./Src/main.o
                0x0000000008000db8                __gnu_cxx::__aligned_buffer<HAL::Systick>::_M_ptr()
 .text._ZN9__gnu_cxx13new_allocatorISt23_Sp_counted_ptr_inplaceIN3HAL7SystickESaIS3_ELNS_12_Lock_policyE0EEE8allocateEjPKv
                0x0000000008000dd0       0x42 ./Src/main.o
                0x0000000008000dd0                __gnu_cxx::new_allocator<std::_Sp_counted_ptr_inplace<HAL::Systick, std::allocator<HAL::Systick>, (__gnu_cxx::_Lock_policy)0> >::allocate(unsigned int, void const*)
 .text._ZSt11__addressofISaISt23_Sp_counted_ptr_inplaceIN3HAL7SystickESaIS2_ELN9__gnu_cxx12_Lock_policyE0EEEEPT_RS8_
                0x0000000008000e12       0x16 ./Src/main.o
                0x0000000008000e12                std::allocator<std::_Sp_counted_ptr_inplace<HAL::Systick, std::allocator<HAL::Systick>, (__gnu_cxx::_Lock_policy)0> >* std::__addressof<std::allocator<std::_Sp_counted_ptr_inplace<HAL::Systick, std::allocator<HAL::Systick>, (__gnu_cxx::_Lock_policy)0> > >(std::allocator<std::_Sp_counted_ptr_inplace<HAL::Systick, std::allocator<HAL::Systick>, (__gnu_cxx::_Lock_policy)0> >&)
 .text._ZN9__gnu_cxx13new_allocatorISt23_Sp_counted_ptr_inplaceIN3HAL7SystickESaIS3_ELNS_12_Lock_policyE0EEE10deallocateEPS6_j
                0x0000000008000e28       0x18 ./Src/main.o
                0x0000000008000e28                __gnu_cxx::new_allocator<std::_Sp_counted_ptr_inplace<HAL::Systick, std::allocator<HAL::Systick>, (__gnu_cxx::_Lock_policy)0> >::deallocate(std::_Sp_counted_ptr_inplace<HAL::Systick, std::allocator<HAL::Systick>, (__gnu_cxx::_Lock_policy)0>*, unsigned int)
 .text._ZNSt14_Sp_ebo_helperILi0ESaIN3HAL7SystickEELb1EEC2ERKS2_
                0x0000000008000e40       0x1c ./Src/main.o
                0x0000000008000e40                std::_Sp_ebo_helper<0, std::allocator<HAL::Systick>, true>::_Sp_ebo_helper(std::allocator<HAL::Systick> const&)
                0x0000000008000e40                std::_Sp_ebo_helper<0, std::allocator<HAL::Systick>, true>::_Sp_ebo_helper(std::allocator<HAL::Systick> const&)
 .text._ZN9__gnu_cxx13new_allocatorIN3HAL7SystickEE9constructIS2_JiiEEEvPT_DpOT0_
                0x0000000008000e5c       0x44 ./Src/main.o
                0x0000000008000e5c                void __gnu_cxx::new_allocator<HAL::Systick>::construct<HAL::Systick, int, int>(HAL::Systick*, int&&, int&&)
 .text._ZN9__gnu_cxx16__aligned_bufferIN3HAL7SystickEE7_M_addrEv
                0x0000000008000ea0       0x16 ./Src/main.o
                0x0000000008000ea0                __gnu_cxx::__aligned_buffer<HAL::Systick>::_M_addr()
 *fill*         0x0000000008000eb6        0x2 
 .text._ZNK9__gnu_cxx13new_allocatorISt23_Sp_counted_ptr_inplaceIN3HAL7SystickESaIS3_ELNS_12_Lock_policyE0EEE8max_sizeEv
                0x0000000008000eb8       0x1c ./Src/main.o
                0x0000000008000eb8                __gnu_cxx::new_allocator<std::_Sp_counted_ptr_inplace<HAL::Systick, std::allocator<HAL::Systick>, (__gnu_cxx::_Lock_policy)0> >::max_size() const
 .text._ZNSt23_Sp_counted_ptr_inplaceIN3HAL7SystickESaIS1_ELN9__gnu_cxx12_Lock_policyE0EED2Ev
                0x0000000008000ed4       0x30 ./Src/main.o
                0x0000000008000ed4                std::_Sp_counted_ptr_inplace<HAL::Systick, std::allocator<HAL::Systick>, (__gnu_cxx::_Lock_policy)0>::~_Sp_counted_ptr_inplace()
                0x0000000008000ed4                std::_Sp_counted_ptr_inplace<HAL::Systick, std::allocator<HAL::Systick>, (__gnu_cxx::_Lock_policy)0>::~_Sp_counted_ptr_inplace()
 .text._ZNSt23_Sp_counted_ptr_inplaceIN3HAL7SystickESaIS1_ELN9__gnu_cxx12_Lock_policyE0EED0Ev
                0x0000000008000f04       0x20 ./Src/main.o
                0x0000000008000f04                std::_Sp_counted_ptr_inplace<HAL::Systick, std::allocator<HAL::Systick>, (__gnu_cxx::_Lock_policy)0>::~_Sp_counted_ptr_inplace()
 .text._ZNSt23_Sp_counted_ptr_inplaceIN3HAL7SystickESaIS1_ELN9__gnu_cxx12_Lock_policyE0EE10_M_disposeEv
                0x0000000008000f24       0x2c ./Src/main.o
                0x0000000008000f24                std::_Sp_counted_ptr_inplace<HAL::Systick, std::allocator<HAL::Systick>, (__gnu_cxx::_Lock_policy)0>::_M_dispose()
 .text._ZNSt23_Sp_counted_ptr_inplaceIN3HAL7SystickESaIS1_ELN9__gnu_cxx12_Lock_policyE0EE10_M_destroyEv
                0x0000000008000f50       0x52 ./Src/main.o
                0x0000000008000f50                std::_Sp_counted_ptr_inplace<HAL::Systick, std::allocator<HAL::Systick>, (__gnu_cxx::_Lock_policy)0>::_M_destroy()
 .text._ZNSt23_Sp_counted_ptr_inplaceIN3HAL7SystickESaIS1_ELN9__gnu_cxx12_Lock_policyE0EE14_M_get_deleterERKSt9type_info
                0x0000000008000fa2       0x42 ./Src/main.o
                0x0000000008000fa2                std::_Sp_counted_ptr_inplace<HAL::Systick, std::allocator<HAL::Systick>, (__gnu_cxx::_Lock_policy)0>::_M_get_deleter(std::type_info const&)
 .text._ZNSt23_Sp_counted_ptr_inplaceIN3HAL7SystickESaIS1_ELN9__gnu_cxx12_Lock_policyE0EE5_Impl8_M_allocEv
                0x0000000008000fe4       0x18 ./Src/main.o
                0x0000000008000fe4                std::_Sp_counted_ptr_inplace<HAL::Systick, std::allocator<HAL::Systick>, (__gnu_cxx::_Lock_policy)0>::_Impl::_M_alloc()
 .text._ZNSt16allocator_traitsISaIN3HAL7SystickEEE7destroyIS1_EEvRS2_PT_
                0x0000000008000ffc       0x1a ./Src/main.o
                0x0000000008000ffc                void std::allocator_traits<std::allocator<HAL::Systick> >::destroy<HAL::Systick>(std::allocator<HAL::Systick>&, HAL::Systick*)
 .text._ZNSt14_Sp_ebo_helperILi0ESaIN3HAL7SystickEELb1EE6_S_getERS3_
                0x0000000008001016       0x16 ./Src/main.o
                0x0000000008001016                std::_Sp_ebo_helper<0, std::allocator<HAL::Systick>, true>::_S_get(std::_Sp_ebo_helper<0, std::allocator<HAL::Systick>, true>&)
 .text._ZN9__gnu_cxx13new_allocatorIN3HAL7SystickEE7destroyIS2_EEvPT_
                0x000000000800102c       0x1c ./Src/main.o
                0x000000000800102c                void __gnu_cxx::new_allocator<HAL::Systick>::destroy<HAL::Systick>(HAL::Systick*)
 .text.initialise_monitor_handles
                0x0000000008001048        0xe ./Src/syscalls.o
                0x0000000008001048                initialise_monitor_handles
 .text._getpid  0x0000000008001056       0x10 ./Src/syscalls.o
                0x0000000008001056                _getpid
 .text._kill    0x0000000008001066       0x20 ./Src/syscalls.o
                0x0000000008001066                _kill
 .text._exit    0x0000000008001086       0x14 ./Src/syscalls.o
                0x0000000008001086                _exit
 .text._read    0x000000000800109a       0x3a ./Src/syscalls.o
                0x000000000800109a                _read
 .text._write   0x00000000080010d4       0x38 ./Src/syscalls.o
                0x00000000080010d4                _write
 .text._close   0x000000000800110c       0x18 ./Src/syscalls.o
                0x000000000800110c                _close
 .text._fstat   0x0000000008001124       0x20 ./Src/syscalls.o
                0x0000000008001124                _fstat
 .text._isatty  0x0000000008001144       0x16 ./Src/syscalls.o
                0x0000000008001144                _isatty
 .text._lseek   0x000000000800115a       0x1a ./Src/syscalls.o
                0x000000000800115a                _lseek
 .text._open    0x0000000008001174       0x1c ./Src/syscalls.o
                0x0000000008001174                _open
 .text._wait    0x0000000008001190       0x1e ./Src/syscalls.o
                0x0000000008001190                _wait
 .text._unlink  0x00000000080011ae       0x1e ./Src/syscalls.o
                0x00000000080011ae                _unlink
 .text._times   0x00000000080011cc       0x18 ./Src/syscalls.o
                0x00000000080011cc                _times
 .text._stat    0x00000000080011e4       0x20 ./Src/syscalls.o
                0x00000000080011e4                _stat
 .text._link    0x0000000008001204       0x20 ./Src/syscalls.o
                0x0000000008001204                _link
 .text._fork    0x0000000008001224       0x16 ./Src/syscalls.o
                0x0000000008001224                _fork
 .text._execve  0x000000000800123a       0x22 ./Src/syscalls.o
                0x000000000800123a                _execve
 .text._sbrk    0x000000000800125c       0x6c ./Src/sysmem.o
                0x000000000800125c                _sbrk
 .text.Reset_Handler
                0x00000000080012c8       0x50 ./Startup/startup_stm32h743zitx.o
                0x00000000080012c8                Reset_Handler
 .text.Default_Handler
                0x0000000008001318        0x2 ./Startup/startup_stm32h743zitx.o
                0x0000000008001318                EXTI2_IRQHandler
                0x0000000008001318                TIM8_CC_IRQHandler
                0x0000000008001318                DMA_STR2_IRQHandler
                0x0000000008001318                DebugMon_Handler
                0x0000000008001318                UART8_IRQHandler
                0x0000000008001318                SPI4_IRQHandler
                0x0000000008001318                HRTIM1_MST_IRQHandler
                0x0000000008001318                HardFault_Handler
                0x0000000008001318                DMA_STR5_IRQHandler
                0x0000000008001318                HRTIM1_FLT_IRQHandler
                0x0000000008001318                JPEG_IRQHandler
                0x0000000008001318                DMA2_STR1_IRQHandler
                0x0000000008001318                DMA2_STR5_IRQHandler
                0x0000000008001318                HRTIM1_TIMD_IRQHandler
                0x0000000008001318                PendSV_Handler
                0x0000000008001318                NMI_Handler
                0x0000000008001318                EXTI3_IRQHandler
                0x0000000008001318                LPTIM4_IRQHandler
                0x0000000008001318                TIM8_TRG_COM_TIM14_IRQHandler
                0x0000000008001318                LPTIM2_IRQHandler
                0x0000000008001318                DFSDM1_FLT1_IRQHandler
                0x0000000008001318                DMAMUX2_OVR_IRQHandler
                0x0000000008001318                TIM8_UP_TIM13_IRQHandler
                0x0000000008001318                I2C3_ER_IRQHandler
                0x0000000008001318                DFSDM1_FLT2_IRQHandler
                0x0000000008001318                MDMA_IRQHandler
                0x0000000008001318                LPTIM3_IRQHandler
                0x0000000008001318                EXTI0_IRQHandler
                0x0000000008001318                I2C2_EV_IRQHandler
                0x0000000008001318                FPU_IRQHandler
                0x0000000008001318                DMA_STR1_IRQHandler
                0x0000000008001318                OTG_HS_WKUP_IRQHandler
                0x0000000008001318                FDCAN1_IT1_IRQHandler
                0x0000000008001318                UsageFault_Handler
                0x0000000008001318                LTDC_ER_IRQHandler
                0x0000000008001318                ADC1_2_IRQHandler
                0x0000000008001318                SPI1_IRQHandler
                0x0000000008001318                BDMA_CH2_IRQHandler
                0x0000000008001318                TIM6_DAC_IRQHandler
                0x0000000008001318                DCMI_IRQHandler
                0x0000000008001318                HRTIM1_TIMC_IRQHandler
                0x0000000008001318                SDMMC_IRQHandler
                0x0000000008001318                RTC_ALARM_IRQHandler
                0x0000000008001318                DMA_STR0_IRQHandler
                0x0000000008001318                SAI2_IRQHandler
                0x0000000008001318                DMA2_STR3_IRQHandler
                0x0000000008001318                DFSDM1_FLT3_IRQHandler
                0x0000000008001318                USART6_IRQHandler
                0x0000000008001318                BDMA_CH5_IRQHandler
                0x0000000008001318                TIM17_IRQHandler
                0x0000000008001318                BDMA_CH6_IRQHandler
                0x0000000008001318                USART3_IRQHandler
                0x0000000008001318                WKUP_IRQHandler
                0x0000000008001318                BDMA_CH3_IRQHandler
                0x0000000008001318                LPTIM5_IRQHandler
                0x0000000008001318                LPUART_IRQHandler
                0x0000000008001318                UART5_IRQHandler
                0x0000000008001318                ADC3_IRQHandler
                0x0000000008001318                DMA_STR6_IRQHandler
                0x0000000008001318                TIM4_IRQHandler
                0x0000000008001318                QUADSPI_IRQHandler
                0x0000000008001318                I2C1_EV_IRQHandler
                0x0000000008001318                DMA1_STR7_IRQHandler
                0x0000000008001318                TIM16_IRQHandler
                0x0000000008001318                UART4_IRQHandler
                0x0000000008001318                TIM3_IRQHandler
                0x0000000008001318                RCC_IRQHandler
                0x0000000008001318                TIM8_BRK_TIM12_IRQHandler
                0x0000000008001318                TIM1_TRG_COM_IRQHandler
                0x0000000008001318                Default_Handler
                0x0000000008001318                HRTIM_TIMB_IRQHandler
                0x0000000008001318                CEC_IRQHandler
                0x0000000008001318                EXTI15_10_IRQHandler
                0x0000000008001318                BDMA_CH4_IRQHandler
                0x0000000008001318                DMA_STR3_IRQHandler
                0x0000000008001318                HRTIM_TIME_IRQHandler
                0x0000000008001318                HRTIM1_TIMA_IRQHandler
                0x0000000008001318                SPI5_IRQHandler
                0x0000000008001318                TIM7_IRQHandler
                0x0000000008001318                SDMMC1_IRQHandler
                0x0000000008001318                TIM5_IRQHandler
                0x0000000008001318                SPDIF_IRQHandler
                0x0000000008001318                TIM15_IRQHandler
                0x0000000008001318                I2C3_EV_IRQHandler
                0x0000000008001318                WWDG1_RST_IRQHandler
                0x0000000008001318                EXTI9_5_IRQHandler
                0x0000000008001318                DMA2_STR4_IRQHandler
                0x0000000008001318                RTC_WKUP_IRQHandler
                0x0000000008001318                DMA2_STR6_IRQHandler
                0x0000000008001318                LTDC_IRQHandler
                0x0000000008001318                SAI3_IRQHandler
                0x0000000008001318                ETH_WKUP_IRQHandler
                0x0000000008001318                PVD_PVM_IRQHandler
                0x0000000008001318                SPI2_IRQHandler
                0x0000000008001318                OTG_HS_EP1_IN_IRQHandler
                0x0000000008001318                MemManage_Handler
                0x0000000008001318                DMA2_STR0_IRQHandler
                0x0000000008001318                SVC_Handler
                0x0000000008001318                CRS_IRQHandler
                0x0000000008001318                EXTI4_IRQHandler
                0x0000000008001318                DMAMUX1_OV_IRQHandler
                0x0000000008001318                FDCAN2_IT1_IRQHandler
                0x0000000008001318                DMA_STR4_IRQHandler
                0x0000000008001318                COMP_IRQHandler
                0x0000000008001318                DMA2_STR2_IRQHandler
                0x0000000008001318                ETH_IRQHandler
                0x0000000008001318                TIM1_UP_IRQHandler
                0x0000000008001318                DMA2_STR7_IRQHandler
                0x0000000008001318                OTG_HS_EP1_OUT_IRQHandler
                0x0000000008001318                SPI6_IRQHandler
                0x0000000008001318                MDIOS_IRQHandler
                0x0000000008001318                I2C4_EV_IRQHandler
                0x0000000008001318                FDCAN2_IT0_IRQHandler
                0x0000000008001318                BDMA_CH7_IRQHandler
                0x0000000008001318                FDCAN1_IT0_IRQHandler
                0x0000000008001318                TIM2_IRQHandler
                0x0000000008001318                HSEM0_IRQHandler
                0x0000000008001318                OTG_FS_WKUP_IRQHandler
                0x0000000008001318                OTG_HS_IRQHandler
                0x0000000008001318                DMA2D_IRQHandler
                0x0000000008001318                TIM1_BRK_IRQHandler
                0x0000000008001318                EXTI1_IRQHandler
                0x0000000008001318                OTG_FS_EP1_OUT_IRQHandler
                0x0000000008001318                UART7_IRQHandler
                0x0000000008001318                MDIOS_WKUP_IRQHandler
                0x0000000008001318                USART2_IRQHandler
                0x0000000008001318                DFSDM1_FLT0_IRQHandler
                0x0000000008001318                SAI4_IRQHandler
                0x0000000008001318                I2C2_ER_IRQHandler
                0x0000000008001318                FLASH_IRQHandler
                0x0000000008001318                BusFault_Handler
                0x0000000008001318                USART1_IRQHandler
                0x0000000008001318                OTG_FS_IRQHandler
                0x0000000008001318                SPI3_IRQHandler
                0x0000000008001318                OTG_FS_EP1_IN_IRQHandler
                0x0000000008001318                I2C1_ER_IRQHandler
                0x0000000008001318                FMC_IRQHandler
                0x0000000008001318                BDMA_CH1_IRQHandler
                0x0000000008001318                FDCAN_CAL_IRQHandler
                0x0000000008001318                SWPMI1_IRQHandler
                0x0000000008001318                LPTIM1_IRQHandler
                0x0000000008001318                BDMA_CH8_IRQHandler
                0x0000000008001318                TIM_CC_IRQHandler
                0x0000000008001318                I2C4_ER_IRQHandler
                0x0000000008001318                SAI1_IRQHandler
                0x0000000008001318                RTC_TAMP_STAMP_CSS_LSE_IRQHandler
 .text._ZdlPv   0x000000000800131a        0x4 c:/st/stm32cubeide_1.7.0/stm32cubeide/plugins/com.st.stm32cube.ide.mcu.externaltools.gnu-tools-for-stm32.9-2020-q2-update.win32_2.0.0.202105311346/tools/bin/../lib/gcc/arm-none-eabi/9.3.1/../../../../arm-none-eabi/lib/thumb/v7e-m+dp/hard\libstdc++_nano.a(del_op.o)
                0x000000000800131a                operator delete(void*)
 .text._ZdlPvj  0x000000000800131e        0x4 c:/st/stm32cubeide_1.7.0/stm32cubeide/plugins/com.st.stm32cube.ide.mcu.externaltools.gnu-tools-for-stm32.9-2020-q2-update.win32_2.0.0.202105311346/tools/bin/../lib/gcc/arm-none-eabi/9.3.1/../../../../arm-none-eabi/lib/thumb/v7e-m+dp/hard\libstdc++_nano.a(del_ops.o)
                0x000000000800131e                operator delete(void*, unsigned int)
 .text._Znwj    0x0000000008001322       0x22 c:/st/stm32cubeide_1.7.0/stm32cubeide/plugins/com.st.stm32cube.ide.mcu.externaltools.gnu-tools-for-stm32.9-2020-q2-update.win32_2.0.0.202105311346/tools/bin/../lib/gcc/arm-none-eabi/9.3.1/../../../../arm-none-eabi/lib/thumb/v7e-m+dp/hard\libstdc++_nano.a(new_op.o)
                0x0000000008001322                operator new(unsigned int)
 .text.__cxa_pure_virtual
                0x0000000008001344        0x6 c:/st/stm32cubeide_1.7.0/stm32cubeide/plugins/com.st.stm32cube.ide.mcu.externaltools.gnu-tools-for-stm32.9-2020-q2-update.win32_2.0.0.202105311346/tools/bin/../lib/gcc/arm-none-eabi/9.3.1/../../../../arm-none-eabi/lib/thumb/v7e-m+dp/hard\libstdc++_nano.a(pure.o)
                0x0000000008001344                __cxa_pure_virtual
 .text.__cxa_deleted_virtual
                0x000000000800134a        0x6 c:/st/stm32cubeide_1.7.0/stm32cubeide/plugins/com.st.stm32cube.ide.mcu.externaltools.gnu-tools-for-stm32.9-2020-q2-update.win32_2.0.0.202105311346/tools/bin/../lib/gcc/arm-none-eabi/9.3.1/../../../../arm-none-eabi/lib/thumb/v7e-m+dp/hard\libstdc++_nano.a(pure.o)
                0x000000000800134a                __cxa_deleted_virtual
 .text.unlikely._ZSt21__throw_bad_exceptionv
                0x0000000008001350        0x6 c:/st/stm32cubeide_1.7.0/stm32cubeide/plugins/com.st.stm32cube.ide.mcu.externaltools.gnu-tools-for-stm32.9-2020-q2-update.win32_2.0.0.202105311346/tools/bin/../lib/gcc/arm-none-eabi/9.3.1/../../../../arm-none-eabi/lib/thumb/v7e-m+dp/hard\libstdc++_nano.a(functexcept.o)
                0x0000000008001350                std::__throw_bad_exception()
 .text.unlikely._ZSt17__throw_bad_allocv
                0x0000000008001356        0x6 c:/st/stm32cubeide_1.7.0/stm32cubeide/plugins/com.st.stm32cube.ide.mcu.externaltools.gnu-tools-for-stm32.9-2020-q2-update.win32_2.0.0.202105311346/tools/bin/../lib/gcc/arm-none-eabi/9.3.1/../../../../arm-none-eabi/lib/thumb/v7e-m+dp/hard\libstdc++_nano.a(functexcept.o)
                0x0000000008001356                std::__throw_bad_alloc()
 .text.unlikely._ZSt16__throw_bad_castv
                0x000000000800135c        0x6 c:/st/stm32cubeide_1.7.0/stm32cubeide/plugins/com.st.stm32cube.ide.mcu.externaltools.gnu-tools-for-stm32.9-2020-q2-update.win32_2.0.0.202105311346/tools/bin/../lib/gcc/arm-none-eabi/9.3.1/../../../../arm-none-eabi/lib/thumb/v7e-m+dp/hard\libstdc++_nano.a(functexcept.o)
                0x000000000800135c                std::__throw_bad_cast()
 .text.unlikely._ZSt18__throw_bad_typeidv
                0x0000000008001362        0x6 c:/st/stm32cubeide_1.7.0/stm32cubeide/plugins/com.st.stm32cube.ide.mcu.externaltools.gnu-tools-for-stm32.9-2020-q2-update.win32_2.0.0.202105311346/tools/bin/../lib/gcc/arm-none-eabi/9.3.1/../../../../arm-none-eabi/lib/thumb/v7e-m+dp/hard\libstdc++_nano.a(functexcept.o)
                0x0000000008001362                std::__throw_bad_typeid()
 .text.unlikely._ZSt19__throw_logic_errorPKc
                0x0000000008001368        0x6 c:/st/stm32cubeide_1.7.0/stm32cubeide/plugins/com.st.stm32cube.ide.mcu.externaltools.gnu-tools-for-stm32.9-2020-q2-update.win32_2.0.0.202105311346/tools/bin/../lib/gcc/arm-none-eabi/9.3.1/../../../../arm-none-eabi/lib/thumb/v7e-m+dp/hard\libstdc++_nano.a(functexcept.o)
                0x0000000008001368                std::__throw_logic_error(char const*)
 .text.unlikely._ZSt20__throw_domain_errorPKc
                0x000000000800136e        0x6 c:/st/stm32cubeide_1.7.0/stm32cubeide/plugins/com.st.stm32cube.ide.mcu.externaltools.gnu-tools-for-stm32.9-2020-q2-update.win32_2.0.0.202105311346/tools/bin/../lib/gcc/arm-none-eabi/9.3.1/../../../../arm-none-eabi/lib/thumb/v7e-m+dp/hard\libstdc++_nano.a(functexcept.o)
                0x000000000800136e                std::__throw_domain_error(char const*)
 .text.unlikely._ZSt24__throw_invalid_argumentPKc
                0x0000000008001374        0x6 c:/st/stm32cubeide_1.7.0/stm32cubeide/plugins/com.st.stm32cube.ide.mcu.externaltools.gnu-tools-for-stm32.9-2020-q2-update.win32_2.0.0.202105311346/tools/bin/../lib/gcc/arm-none-eabi/9.3.1/../../../../arm-none-eabi/lib/thumb/v7e-m+dp/hard\libstdc++_nano.a(functexcept.o)
                0x0000000008001374                std::__throw_invalid_argument(char const*)
 .text.unlikely._ZSt20__throw_length_errorPKc
                0x000000000800137a        0x6 c:/st/stm32cubeide_1.7.0/stm32cubeide/plugins/com.st.stm32cube.ide.mcu.externaltools.gnu-tools-for-stm32.9-2020-q2-update.win32_2.0.0.202105311346/tools/bin/../lib/gcc/arm-none-eabi/9.3.1/../../../../arm-none-eabi/lib/thumb/v7e-m+dp/hard\libstdc++_nano.a(functexcept.o)
                0x000000000800137a                std::__throw_length_error(char const*)
 .text.unlikely._ZSt20__throw_out_of_rangePKc
                0x0000000008001380        0x6 c:/st/stm32cubeide_1.7.0/stm32cubeide/plugins/com.st.stm32cube.ide.mcu.externaltools.gnu-tools-for-stm32.9-2020-q2-update.win32_2.0.0.202105311346/tools/bin/../lib/gcc/arm-none-eabi/9.3.1/../../../../arm-none-eabi/lib/thumb/v7e-m+dp/hard\libstdc++_nano.a(functexcept.o)
                0x0000000008001380                std::__throw_out_of_range(char const*)
 .text._ZSt24__throw_out_of_range_fmtPKcz
                0x0000000008001386       0x38 c:/st/stm32cubeide_1.7.0/stm32cubeide/plugins/com.st.stm32cube.ide.mcu.externaltools.gnu-tools-for-stm32.9-2020-q2-update.win32_2.0.0.202105311346/tools/bin/../lib/gcc/arm-none-eabi/9.3.1/../../../../arm-none-eabi/lib/thumb/v7e-m+dp/hard\libstdc++_nano.a(functexcept.o)
                0x0000000008001386                std::__throw_out_of_range_fmt(char const*, ...)
 .text.unlikely._ZSt21__throw_runtime_errorPKc
                0x00000000080013be        0x6 c:/st/stm32cubeide_1.7.0/stm32cubeide/plugins/com.st.stm32cube.ide.mcu.externaltools.gnu-tools-for-stm32.9-2020-q2-update.win32_2.0.0.202105311346/tools/bin/../lib/gcc/arm-none-eabi/9.3.1/../../../../arm-none-eabi/lib/thumb/v7e-m+dp/hard\libstdc++_nano.a(functexcept.o)
                0x00000000080013be                std::__throw_runtime_error(char const*)
 .text.unlikely._ZSt19__throw_range_errorPKc
                0x00000000080013c4        0x6 c:/st/stm32cubeide_1.7.0/stm32cubeide/plugins/com.st.stm32cube.ide.mcu.externaltools.gnu-tools-for-stm32.9-2020-q2-update.win32_2.0.0.202105311346/tools/bin/../lib/gcc/arm-none-eabi/9.3.1/../../../../arm-none-eabi/lib/thumb/v7e-m+dp/hard\libstdc++_nano.a(functexcept.o)
                0x00000000080013c4                std::__throw_range_error(char const*)
 .text.unlikely._ZSt22__throw_overflow_errorPKc
                0x00000000080013ca        0x6 c:/st/stm32cubeide_1.7.0/stm32cubeide/plugins/com.st.stm32cube.ide.mcu.externaltools.gnu-tools-for-stm32.9-2020-q2-update.win32_2.0.0.202105311346/tools/bin/../lib/gcc/arm-none-eabi/9.3.1/../../../../arm-none-eabi/lib/thumb/v7e-m+dp/hard\libstdc++_nano.a(functexcept.o)
                0x00000000080013ca                std::__throw_overflow_error(char const*)
 .text.unlikely._ZSt23__throw_underflow_errorPKc
                0x00000000080013d0        0x6 c:/st/stm32cubeide_1.7.0/stm32cubeide/plugins/com.st.stm32cube.ide.mcu.externaltools.gnu-tools-for-stm32.9-2020-q2-update.win32_2.0.0.202105311346/tools/bin/../lib/gcc/arm-none-eabi/9.3.1/../../../../arm-none-eabi/lib/thumb/v7e-m+dp/hard\libstdc++_nano.a(functexcept.o)
                0x00000000080013d0                std::__throw_underflow_error(char const*)
 *fill*         0x00000000080013d6        0x2 
 .text._ZNKSt12bad_weak_ptr4whatEv
                0x00000000080013d8        0x8 c:/st/stm32cubeide_1.7.0/stm32cubeide/plugins/com.st.stm32cube.ide.mcu.externaltools.gnu-tools-for-stm32.9-2020-q2-update.win32_2.0.0.202105311346/tools/bin/../lib/gcc/arm-none-eabi/9.3.1/../../../../arm-none-eabi/lib/thumb/v7e-m+dp/hard\libstdc++_nano.a(shared_ptr.o)
                0x00000000080013d8                std::bad_weak_ptr::what() const
 .text._ZNSt12bad_weak_ptrD2Ev
                0x00000000080013e0       0x14 c:/st/stm32cubeide_1.7.0/stm32cubeide/plugins/com.st.stm32cube.ide.mcu.externaltools.gnu-tools-for-stm32.9-2020-q2-update.win32_2.0.0.202105311346/tools/bin/../lib/gcc/arm-none-eabi/9.3.1/../../../../arm-none-eabi/lib/thumb/v7e-m+dp/hard\libstdc++_nano.a(shared_ptr.o)
                0x00000000080013e0                std::bad_weak_ptr::~bad_weak_ptr()
                0x00000000080013e0                std::bad_weak_ptr::~bad_weak_ptr()
 .text._ZNSt12bad_weak_ptrD0Ev
                0x00000000080013f4       0x12 c:/st/stm32cubeide_1.7.0/stm32cubeide/plugins/com.st.stm32cube.ide.mcu.externaltools.gnu-tools-for-stm32.9-2020-q2-update.win32_2.0.0.202105311346/tools/bin/../lib/gcc/arm-none-eabi/9.3.1/../../../../arm-none-eabi/lib/thumb/v7e-m+dp/hard\libstdc++_nano.a(shared_ptr.o)
                0x00000000080013f4                std::bad_weak_ptr::~bad_weak_ptr()
 *fill*         0x0000000008001406        0x2 
 .text._ZN14__gnu_internal9get_mutexEh
                0x0000000008001408       0x30 c:/st/stm32cubeide_1.7.0/stm32cubeide/plugins/com.st.stm32cube.ide.mcu.externaltools.gnu-tools-for-stm32.9-2020-q2-update.win32_2.0.0.202105311346/tools/bin/../lib/gcc/arm-none-eabi/9.3.1/../../../../arm-none-eabi/lib/thumb/v7e-m+dp/hard\libstdc++_nano.a(shared_ptr.o)
                0x0000000008001408                __gnu_internal::get_mutex(unsigned char)
 .text._ZNSt19_Sp_make_shared_tag5_S_eqERKSt9type_info
                0x0000000008001438        0xc c:/st/stm32cubeide_1.7.0/stm32cubeide/plugins/com.st.stm32cube.ide.mcu.externaltools.gnu-tools-for-stm32.9-2020-q2-update.win32_2.0.0.202105311346/tools/bin/../lib/gcc/arm-none-eabi/9.3.1/../../../../arm-none-eabi/lib/thumb/v7e-m+dp/hard\libstdc++_nano.a(shared_ptr.o)
                0x0000000008001438                std::_Sp_make_shared_tag::_S_eq(std::type_info const&)
 .text._ZN9__gnu_cxx26__throw_insufficient_spaceEPKcS1_
                0x0000000008001444       0x4c c:/st/stm32cubeide_1.7.0/stm32cubeide/plugins/com.st.stm32cube.ide.mcu.externaltools.gnu-tools-for-stm32.9-2020-q2-update.win32_2.0.0.202105311346/tools/bin/../lib/gcc/arm-none-eabi/9.3.1/../../../../arm-none-eabi/lib/thumb/v7e-m+dp/hard\libstdc++_nano.a(snprintf_lite.o)
                0x0000000008001444                __gnu_cxx::__throw_insufficient_space(char const*, char const*)
 .text._ZN9__gnu_cxx15__concat_size_tEPcjj
                0x0000000008001490       0x58 c:/st/stm32cubeide_1.7.0/stm32cubeide/plugins/com.st.stm32cube.ide.mcu.externaltools.gnu-tools-for-stm32.9-2020-q2-update.win32_2.0.0.202105311346/tools/bin/../lib/gcc/arm-none-eabi/9.3.1/../../../../arm-none-eabi/lib/thumb/v7e-m+dp/hard\libstdc++_nano.a(snprintf_lite.o)
                0x0000000008001490                __gnu_cxx::__concat_size_t(char*, unsigned int, unsigned int)
 .text._ZN9__gnu_cxx15__snprintf_liteEPcjPKcSt9__va_list
                0x00000000080014e8       0x82 c:/st/stm32cubeide_1.7.0/stm32cubeide/plugins/com.st.stm32cube.ide.mcu.externaltools.gnu-tools-for-stm32.9-2020-q2-update.win32_2.0.0.202105311346/tools/bin/../lib/gcc/arm-none-eabi/9.3.1/../../../../arm-none-eabi/lib/thumb/v7e-m+dp/hard\libstdc++_nano.a(snprintf_lite.o)
                0x00000000080014e8                __gnu_cxx::__snprintf_lite(char*, unsigned int, char const*, std::__va_list)
 .text._ZNK10__cxxabiv117__class_type_info11__do_upcastEPKS0_PPv
                0x000000000800156a       0x34 c:/st/stm32cubeide_1.7.0/stm32cubeide/plugins/com.st.stm32cube.ide.mcu.externaltools.gnu-tools-for-stm32.9-2020-q2-update.win32_2.0.0.202105311346/tools/bin/../lib/gcc/arm-none-eabi/9.3.1/../../../../arm-none-eabi/lib/thumb/v7e-m+dp/hard\libstdc++_nano.a(class_type_info.o)
                0x000000000800156a                __cxxabiv1::__class_type_info::__do_upcast(__cxxabiv1::__class_type_info const*, void**) const
 .text._ZNK10__cxxabiv117__class_type_info20__do_find_public_srcEiPKvPKS0_S2_
                0x000000000800159e        0xc c:/st/stm32cubeide_1.7.0/stm32cubeide/plugins/com.st.stm32cube.ide.mcu.externaltools.gnu-tools-for-stm32.9-2020-q2-update.win32_2.0.0.202105311346/tools/bin/../lib/gcc/arm-none-eabi/9.3.1/../../../../arm-none-eabi/lib/thumb/v7e-m+dp/hard\libstdc++_nano.a(class_type_info.o)
                0x000000000800159e                __cxxabiv1::__class_type_info::__do_find_public_src(int, void const*, __cxxabiv1::__class_type_info const*, void const*) const
 *fill*         0x00000000080015aa        0x2 
 .text._ZN10__cxxabiv117__class_type_infoD2Ev
                0x00000000080015ac       0x14 c:/st/stm32cubeide_1.7.0/stm32cubeide/plugins/com.st.stm32cube.ide.mcu.externaltools.gnu-tools-for-stm32.9-2020-q2-update.win32_2.0.0.202105311346/tools/bin/../lib/gcc/arm-none-eabi/9.3.1/../../../../arm-none-eabi/lib/thumb/v7e-m+dp/hard\libstdc++_nano.a(class_type_info.o)
                0x00000000080015ac                __cxxabiv1::__class_type_info::~__class_type_info()
                0x00000000080015ac                __cxxabiv1::__class_type_info::~__class_type_info()
 .text._ZN10__cxxabiv117__class_type_infoD0Ev
                0x00000000080015c0       0x14 c:/st/stm32cubeide_1.7.0/stm32cubeide/plugins/com.st.stm32cube.ide.mcu.externaltools.gnu-tools-for-stm32.9-2020-q2-update.win32_2.0.0.202105311346/tools/bin/../lib/gcc/arm-none-eabi/9.3.1/../../../../arm-none-eabi/lib/thumb/v7e-m+dp/hard\libstdc++_nano.a(class_type_info.o)
                0x00000000080015c0                __cxxabiv1::__class_type_info::~__class_type_info()
 .text._ZNK10__cxxabiv117__class_type_info12__do_dyncastEiNS0_10__sub_kindEPKS0_PKvS3_S5_RNS0_16__dyncast_resultE
                0x00000000080015d4       0x3e c:/st/stm32cubeide_1.7.0/stm32cubeide/plugins/com.st.stm32cube.ide.mcu.externaltools.gnu-tools-for-stm32.9-2020-q2-update.win32_2.0.0.202105311346/tools/bin/../lib/gcc/arm-none-eabi/9.3.1/../../../../arm-none-eabi/lib/thumb/v7e-m+dp/hard\libstdc++_nano.a(class_type_info.o)
                0x00000000080015d4                __cxxabiv1::__class_type_info::__do_dyncast(int, __cxxabiv1::__class_type_info::__sub_kind, __cxxabiv1::__class_type_info const*, void const*, __cxxabiv1::__class_type_info const*, void const*, __cxxabiv1::__class_type_info::__dyncast_result&) const
 .text._ZNK10__cxxabiv117__class_type_info11__do_upcastEPKS0_PKvRNS0_15__upcast_resultE
                0x0000000008001612       0x18 c:/st/stm32cubeide_1.7.0/stm32cubeide/plugins/com.st.stm32cube.ide.mcu.externaltools.gnu-tools-for-stm32.9-2020-q2-update.win32_2.0.0.202105311346/tools/bin/../lib/gcc/arm-none-eabi/9.3.1/../../../../arm-none-eabi/lib/thumb/v7e-m+dp/hard\libstdc++_nano.a(class_type_info.o)
                0x0000000008001612                __cxxabiv1::__class_type_info::__do_upcast(__cxxabiv1::__class_type_info const*, void const*, __cxxabiv1::__class_type_info::__upcast_result&) const
 .text._ZNK10__cxxabiv117__class_type_info10__do_catchEPKSt9type_infoPPvj
                0x000000000800162a       0x2a c:/st/stm32cubeide_1.7.0/stm32cubeide/plugins/com.st.stm32cube.ide.mcu.externaltools.gnu-tools-for-stm32.9-2020-q2-update.win32_2.0.0.202105311346/tools/bin/../lib/gcc/arm-none-eabi/9.3.1/../../../../arm-none-eabi/lib/thumb/v7e-m+dp/hard\libstdc++_nano.a(class_type_info.o)
                0x000000000800162a                __cxxabiv1::__class_type_info::__do_catch(std::type_info const*, void**, unsigned int) const
 .text._ZNSt9exceptionD2Ev
                0x0000000008001654        0x2 c:/st/stm32cubeide_1.7.0/stm32cubeide/plugins/com.st.stm32cube.ide.mcu.externaltools.gnu-tools-for-stm32.9-2020-q2-update.win32_2.0.0.202105311346/tools/bin/../lib/gcc/arm-none-eabi/9.3.1/../../../../arm-none-eabi/lib/thumb/v7e-m+dp/hard\libstdc++_nano.a(eh_exception.o)
                0x0000000008001654                std::exception::~exception()
                0x0000000008001654                std::exception::~exception()
 .text._ZNSt13bad_exceptionD2Ev
                0x0000000008001656        0x2 c:/st/stm32cubeide_1.7.0/stm32cubeide/plugins/com.st.stm32cube.ide.mcu.externaltools.gnu-tools-for-stm32.9-2020-q2-update.win32_2.0.0.202105311346/tools/bin/../lib/gcc/arm-none-eabi/9.3.1/../../../../arm-none-eabi/lib/thumb/v7e-m+dp/hard\libstdc++_nano.a(eh_exception.o)
                0x0000000008001656                std::bad_exception::~bad_exception()
                0x0000000008001656                std::bad_exception::~bad_exception()
 .text._ZNKSt9exception4whatEv
                0x0000000008001658        0x8 c:/st/stm32cubeide_1.7.0/stm32cubeide/plugins/com.st.stm32cube.ide.mcu.externaltools.gnu-tools-for-stm32.9-2020-q2-update.win32_2.0.0.202105311346/tools/bin/../lib/gcc/arm-none-eabi/9.3.1/../../../../arm-none-eabi/lib/thumb/v7e-m+dp/hard\libstdc++_nano.a(eh_exception.o)
                0x0000000008001658                std::exception::what() const
                0x0000000008001658                transaction clone for std::exception::what() const
 .text._ZNKSt13bad_exception4whatEv
                0x0000000008001660        0x8 c:/st/stm32cubeide_1.7.0/stm32cubeide/plugins/com.st.stm32cube.ide.mcu.externaltools.gnu-tools-for-stm32.9-2020-q2-update.win32_2.0.0.202105311346/tools/bin/../lib/gcc/arm-none-eabi/9.3.1/../../../../arm-none-eabi/lib/thumb/v7e-m+dp/hard\libstdc++_nano.a(eh_exception.o)
                0x0000000008001660                std::bad_exception::what() const
                0x0000000008001660                transaction clone for std::bad_exception::what() const
 .text._ZNSt9exceptionD0Ev
                0x0000000008001668        0xe c:/st/stm32cubeide_1.7.0/stm32cubeide/plugins/com.st.stm32cube.ide.mcu.externaltools.gnu-tools-for-stm32.9-2020-q2-update.win32_2.0.0.202105311346/tools/bin/../lib/gcc/arm-none-eabi/9.3.1/../../../../arm-none-eabi/lib/thumb/v7e-m+dp/hard\libstdc++_nano.a(eh_exception.o)
                0x0000000008001668                std::exception::~exception()
 .text._ZNSt13bad_exceptionD0Ev
                0x0000000008001676        0xe c:/st/stm32cubeide_1.7.0/stm32cubeide/plugins/com.st.stm32cube.ide.mcu.externaltools.gnu-tools-for-stm32.9-2020-q2-update.win32_2.0.0.202105311346/tools/bin/../lib/gcc/arm-none-eabi/9.3.1/../../../../arm-none-eabi/lib/thumb/v7e-m+dp/hard\libstdc++_nano.a(eh_exception.o)
                0x0000000008001676                std::bad_exception::~bad_exception()
 .text._ZN10__cxxabiv115__forced_unwindD2Ev
                0x0000000008001684        0x2 c:/st/stm32cubeide_1.7.0/stm32cubeide/plugins/com.st.stm32cube.ide.mcu.externaltools.gnu-tools-for-stm32.9-2020-q2-update.win32_2.0.0.202105311346/tools/bin/../lib/gcc/arm-none-eabi/9.3.1/../../../../arm-none-eabi/lib/thumb/v7e-m+dp/hard\libstdc++_nano.a(eh_exception.o)
                0x0000000008001684                __cxxabiv1::__forced_unwind::~__forced_unwind()
                0x0000000008001684                __cxxabiv1::__forced_unwind::~__forced_unwind()
 .text._ZN10__cxxabiv115__forced_unwindD0Ev
                0x0000000008001686        0xe c:/st/stm32cubeide_1.7.0/stm32cubeide/plugins/com.st.stm32cube.ide.mcu.externaltools.gnu-tools-for-stm32.9-2020-q2-update.win32_2.0.0.202105311346/tools/bin/../lib/gcc/arm-none-eabi/9.3.1/../../../../arm-none-eabi/lib/thumb/v7e-m+dp/hard\libstdc++_nano.a(eh_exception.o)
                0x0000000008001686                __cxxabiv1::__forced_unwind::~__forced_unwind()
 .text._ZN10__cxxabiv119__foreign_exceptionD2Ev
                0x0000000008001694        0x2 c:/st/stm32cubeide_1.7.0/stm32cubeide/plugins/com.st.stm32cube.ide.mcu.externaltools.gnu-tools-for-stm32.9-2020-q2-update.win32_2.0.0.202105311346/tools/bin/../lib/gcc/arm-none-eabi/9.3.1/../../../../arm-none-eabi/lib/thumb/v7e-m+dp/hard\libstdc++_nano.a(eh_exception.o)
                0x0000000008001694                __cxxabiv1::__foreign_exception::~__foreign_exception()
                0x0000000008001694                __cxxabiv1::__foreign_exception::~__foreign_exception()
 .text._ZN10__cxxabiv119__foreign_exceptionD0Ev
                0x0000000008001696        0xe c:/st/stm32cubeide_1.7.0/stm32cubeide/plugins/com.st.stm32cube.ide.mcu.externaltools.gnu-tools-for-stm32.9-2020-q2-update.win32_2.0.0.202105311346/tools/bin/../lib/gcc/arm-none-eabi/9.3.1/../../../../arm-none-eabi/lib/thumb/v7e-m+dp/hard\libstdc++_nano.a(eh_exception.o)
                0x0000000008001696                __cxxabiv1::__foreign_exception::~__foreign_exception()
 .text._ZGTtNKSt9exceptionD1Ev
                0x00000000080016a4        0x2 c:/st/stm32cubeide_1.7.0/stm32cubeide/plugins/com.st.stm32cube.ide.mcu.externaltools.gnu-tools-for-stm32.9-2020-q2-update.win32_2.0.0.202105311346/tools/bin/../lib/gcc/arm-none-eabi/9.3.1/../../../../arm-none-eabi/lib/thumb/v7e-m+dp/hard\libstdc++_nano.a(eh_exception.o)
                0x00000000080016a4                transaction clone for std::exception::~exception() const
 .text._ZGTtNKSt13bad_exceptionD1Ev
                0x00000000080016a6        0x2 c:/st/stm32cubeide_1.7.0/stm32cubeide/plugins/com.st.stm32cube.ide.mcu.externaltools.gnu-tools-for-stm32.9-2020-q2-update.win32_2.0.0.202105311346/tools/bin/../lib/gcc/arm-none-eabi/9.3.1/../../../../arm-none-eabi/lib/thumb/v7e-m+dp/hard\libstdc++_nano.a(eh_exception.o)
                0x00000000080016a6                transaction clone for std::bad_exception::~bad_exception() const
 .text._ZN10__cxxabiv111__terminateEPFvvE
                0x00000000080016a8        0x8 c:/st/stm32cubeide_1.7.0/stm32cubeide/plugins/com.st.stm32cube.ide.mcu.externaltools.gnu-tools-for-stm32.9-2020-q2-update.win32_2.0.0.202105311346/tools/bin/../lib/gcc/arm-none-eabi/9.3.1/../../../../arm-none-eabi/lib/thumb/v7e-m+dp/hard\libstdc++_nano.a(eh_terminate.o)
                0x00000000080016a8                __cxxabiv1::__terminate(void (*)())
 .text._ZSt13set_terminatePFvvE
                0x00000000080016b0       0x2c c:/st/stm32cubeide_1.7.0/stm32cubeide/plugins/com.st.stm32cube.ide.mcu.externaltools.gnu-tools-for-stm32.9-2020-q2-update.win32_2.0.0.202105311346/tools/bin/../lib/gcc/arm-none-eabi/9.3.1/../../../../arm-none-eabi/lib/thumb/v7e-m+dp/hard\libstdc++_nano.a(eh_terminate.o)
                0x00000000080016b0                std::set_terminate(void (*)())
 .text._ZSt13get_terminatev
                0x00000000080016dc       0x10 c:/st/stm32cubeide_1.7.0/stm32cubeide/plugins/com.st.stm32cube.ide.mcu.externaltools.gnu-tools-for-stm32.9-2020-q2-update.win32_2.0.0.202105311346/tools/bin/../lib/gcc/arm-none-eabi/9.3.1/../../../../arm-none-eabi/lib/thumb/v7e-m+dp/hard\libstdc++_nano.a(eh_terminate.o)
                0x00000000080016dc                std::get_terminate()
 .text._ZSt9terminatev
                0x00000000080016ec        0xa c:/st/stm32cubeide_1.7.0/stm32cubeide/plugins/com.st.stm32cube.ide.mcu.externaltools.gnu-tools-for-stm32.9-2020-q2-update.win32_2.0.0.202105311346/tools/bin/../lib/gcc/arm-none-eabi/9.3.1/../../../../arm-none-eabi/lib/thumb/v7e-m+dp/hard\libstdc++_nano.a(eh_terminate.o)
                0x00000000080016ec                std::terminate()
 .text._ZN10__cxxabiv112__unexpectedEPFvvE
                0x00000000080016f6        0x8 c:/st/stm32cubeide_1.7.0/stm32cubeide/plugins/com.st.stm32cube.ide.mcu.externaltools.gnu-tools-for-stm32.9-2020-q2-update.win32_2.0.0.202105311346/tools/bin/../lib/gcc/arm-none-eabi/9.3.1/../../../../arm-none-eabi/lib/thumb/v7e-m+dp/hard\libstdc++_nano.a(eh_terminate.o)
                0x00000000080016f6                __cxxabiv1::__unexpected(void (*)())
 *fill*         0x00000000080016fe        0x2 
 .text._ZSt14set_unexpectedPFvvE
                0x0000000008001700       0x2c c:/st/stm32cubeide_1.7.0/stm32cubeide/plugins/com.st.stm32cube.ide.mcu.externaltools.gnu-tools-for-stm32.9-2020-q2-update.win32_2.0.0.202105311346/tools/bin/../lib/gcc/arm-none-eabi/9.3.1/../../../../arm-none-eabi/lib/thumb/v7e-m+dp/hard\libstdc++_nano.a(eh_terminate.o)
                0x0000000008001700                std::set_unexpected(void (*)())
 .text._ZSt14get_unexpectedv
                0x000000000800172c       0x10 c:/st/stm32cubeide_1.7.0/stm32cubeide/plugins/com.st.stm32cube.ide.mcu.externaltools.gnu-tools-for-stm32.9-2020-q2-update.win32_2.0.0.202105311346/tools/bin/../lib/gcc/arm-none-eabi/9.3.1/../../../../arm-none-eabi/lib/thumb/v7e-m+dp/hard\libstdc++_nano.a(eh_terminate.o)
                0x000000000800172c                std::get_unexpected()
 .text._ZSt10unexpectedv
                0x000000000800173c        0xa c:/st/stm32cubeide_1.7.0/stm32cubeide/plugins/com.st.stm32cube.ide.mcu.externaltools.gnu-tools-for-stm32.9-2020-q2-update.win32_2.0.0.202105311346/tools/bin/../lib/gcc/arm-none-eabi/9.3.1/../../../../arm-none-eabi/lib/thumb/v7e-m+dp/hard\libstdc++_nano.a(eh_terminate.o)
                0x000000000800173c                std::unexpected()
 .text.__cxa_guard_acquire
                0x0000000008001746       0x18 c:/st/stm32cubeide_1.7.0/stm32cubeide/plugins/com.st.stm32cube.ide.mcu.externaltools.gnu-tools-for-stm32.9-2020-q2-update.win32_2.0.0.202105311346/tools/bin/../lib/gcc/arm-none-eabi/9.3.1/../../../../arm-none-eabi/lib/thumb/v7e-m+dp/hard\libstdc++_nano.a(guard.o)
                0x0000000008001746                __cxa_guard_acquire
 .text.__cxa_guard_abort
                0x000000000800175e        0x6 c:/st/stm32cubeide_1.7.0/stm32cubeide/plugins/com.st.stm32cube.ide.mcu.externaltools.gnu-tools-for-stm32.9-2020-q2-update.win32_2.0.0.202105311346/tools/bin/../lib/gcc/arm-none-eabi/9.3.1/../../../../arm-none-eabi/lib/thumb/v7e-m+dp/hard\libstdc++_nano.a(guard.o)
                0x000000000800175e                __cxa_guard_abort
 .text.__cxa_guard_release
                0x0000000008001764        0x6 c:/st/stm32cubeide_1.7.0/stm32cubeide/plugins/com.st.stm32cube.ide.mcu.externaltools.gnu-tools-for-stm32.9-2020-q2-update.win32_2.0.0.202105311346/tools/bin/../lib/gcc/arm-none-eabi/9.3.1/../../../../arm-none-eabi/lib/thumb/v7e-m+dp/hard\libstdc++_nano.a(guard.o)
                0x0000000008001764                __cxa_guard_release
 *fill*         0x000000000800176a        0x2 
 .text._ZSt15set_new_handlerPFvvE
                0x000000000800176c       0x20 c:/st/stm32cubeide_1.7.0/stm32cubeide/plugins/com.st.stm32cube.ide.mcu.externaltools.gnu-tools-for-stm32.9-2020-q2-update.win32_2.0.0.202105311346/tools/bin/../lib/gcc/arm-none-eabi/9.3.1/../../../../arm-none-eabi/lib/thumb/v7e-m+dp/hard\libstdc++_nano.a(new_handler.o)
                0x000000000800176c                std::set_new_handler(void (*)())
 .text._ZSt15get_new_handlerv
                0x000000000800178c       0x10 c:/st/stm32cubeide_1.7.0/stm32cubeide/plugins/com.st.stm32cube.ide.mcu.externaltools.gnu-tools-for-stm32.9-2020-q2-update.win32_2.0.0.202105311346/tools/bin/../lib/gcc/arm-none-eabi/9.3.1/../../../../arm-none-eabi/lib/thumb/v7e-m+dp/hard\libstdc++_nano.a(new_handler.o)
                0x000000000800178c                std::get_new_handler()
 .text._ZN10__cxxabiv120__si_class_type_infoD2Ev
                0x000000000800179c       0x14 c:/st/stm32cubeide_1.7.0/stm32cubeide/plugins/com.st.stm32cube.ide.mcu.externaltools.gnu-tools-for-stm32.9-2020-q2-update.win32_2.0.0.202105311346/tools/bin/../lib/gcc/arm-none-eabi/9.3.1/../../../../arm-none-eabi/lib/thumb/v7e-m+dp/hard\libstdc++_nano.a(si_class_type_info.o)
                0x000000000800179c                __cxxabiv1::__si_class_type_info::~__si_class_type_info()
                0x000000000800179c                __cxxabiv1::__si_class_type_info::~__si_class_type_info()
 .text._ZN10__cxxabiv120__si_class_type_infoD0Ev
                0x00000000080017b0       0x14 c:/st/stm32cubeide_1.7.0/stm32cubeide/plugins/com.st.stm32cube.ide.mcu.externaltools.gnu-tools-for-stm32.9-2020-q2-update.win32_2.0.0.202105311346/tools/bin/../lib/gcc/arm-none-eabi/9.3.1/../../../../arm-none-eabi/lib/thumb/v7e-m+dp/hard\libstdc++_nano.a(si_class_type_info.o)
                0x00000000080017b0                __cxxabiv1::__si_class_type_info::~__si_class_type_info()
 .text._ZNK10__cxxabiv120__si_class_type_info20__do_find_public_srcEiPKvPKNS_17__class_type_infoES2_
                0x00000000080017c4       0x38 c:/st/stm32cubeide_1.7.0/stm32cubeide/plugins/com.st.stm32cube.ide.mcu.externaltools.gnu-tools-for-stm32.9-2020-q2-update.win32_2.0.0.202105311346/tools/bin/../lib/gcc/arm-none-eabi/9.3.1/../../../../arm-none-eabi/lib/thumb/v7e-m+dp/hard\libstdc++_nano.a(si_class_type_info.o)
                0x00000000080017c4                __cxxabiv1::__si_class_type_info::__do_find_public_src(int, void const*, __cxxabiv1::__class_type_info const*, void const*) const
 .text._ZNK10__cxxabiv120__si_class_type_info12__do_dyncastEiNS_17__class_type_info10__sub_kindEPKS1_PKvS4_S6_RNS1_16__dyncast_resultE
                0x00000000080017fc       0x74 c:/st/stm32cubeide_1.7.0/stm32cubeide/plugins/com.st.stm32cube.ide.mcu.externaltools.gnu-tools-for-stm32.9-2020-q2-update.win32_2.0.0.202105311346/tools/bin/../lib/gcc/arm-none-eabi/9.3.1/../../../../arm-none-eabi/lib/thumb/v7e-m+dp/hard\libstdc++_nano.a(si_class_type_info.o)
                0x00000000080017fc                __cxxabiv1::__si_class_type_info::__do_dyncast(int, __cxxabiv1::__class_type_info::__sub_kind, __cxxabiv1::__class_type_info const*, void const*, __cxxabiv1::__class_type_info const*, void const*, __cxxabiv1::__class_type_info::__dyncast_result&) const
 .text._ZNK10__cxxabiv120__si_class_type_info11__do_upcastEPKNS_17__class_type_infoEPKvRNS1_15__upcast_resultE
                0x0000000008001870       0x2a c:/st/stm32cubeide_1.7.0/stm32cubeide/plugins/com.st.stm32cube.ide.mcu.externaltools.gnu-tools-for-stm32.9-2020-q2-update.win32_2.0.0.202105311346/tools/bin/../lib/gcc/arm-none-eabi/9.3.1/../../../../arm-none-eabi/lib/thumb/v7e-m+dp/hard\libstdc++_nano.a(si_class_type_info.o)
                0x0000000008001870                __cxxabiv1::__si_class_type_info::__do_upcast(__cxxabiv1::__class_type_info const*, void const*, __cxxabiv1::__class_type_info::__upcast_result&) const
 .text._ZNSt9type_infoD2Ev
                0x000000000800189a        0x2 c:/st/stm32cubeide_1.7.0/stm32cubeide/plugins/com.st.stm32cube.ide.mcu.externaltools.gnu-tools-for-stm32.9-2020-q2-update.win32_2.0.0.202105311346/tools/bin/../lib/gcc/arm-none-eabi/9.3.1/../../../../arm-none-eabi/lib/thumb/v7e-m+dp/hard\libstdc++_nano.a(tinfo.o)
                0x000000000800189a                std::type_info::~type_info()
                0x000000000800189a                std::type_info::~type_info()
 .text._ZNKSt9type_info14__is_pointer_pEv
                0x000000000800189c        0x4 c:/st/stm32cubeide_1.7.0/stm32cubeide/plugins/com.st.stm32cube.ide.mcu.externaltools.gnu-tools-for-stm32.9-2020-q2-update.win32_2.0.0.202105311346/tools/bin/../lib/gcc/arm-none-eabi/9.3.1/../../../../arm-none-eabi/lib/thumb/v7e-m+dp/hard\libstdc++_nano.a(tinfo.o)
                0x000000000800189c                std::type_info::__is_pointer_p() const
                0x000000000800189c                std::type_info::__is_function_p() const
 .text._ZNKSt9type_info11__do_upcastEPKN10__cxxabiv117__class_type_infoEPPv
                0x00000000080018a0        0x4 c:/st/stm32cubeide_1.7.0/stm32cubeide/plugins/com.st.stm32cube.ide.mcu.externaltools.gnu-tools-for-stm32.9-2020-q2-update.win32_2.0.0.202105311346/tools/bin/../lib/gcc/arm-none-eabi/9.3.1/../../../../arm-none-eabi/lib/thumb/v7e-m+dp/hard\libstdc++_nano.a(tinfo.o)
                0x00000000080018a0                std::type_info::__do_upcast(__cxxabiv1::__class_type_info const*, void**) const
 .text._ZNSt9type_infoD0Ev
                0x00000000080018a4        0xe c:/st/stm32cubeide_1.7.0/stm32cubeide/plugins/com.st.stm32cube.ide.mcu.externaltools.gnu-tools-for-stm32.9-2020-q2-update.win32_2.0.0.202105311346/tools/bin/../lib/gcc/arm-none-eabi/9.3.1/../../../../arm-none-eabi/lib/thumb/v7e-m+dp/hard\libstdc++_nano.a(tinfo.o)
                0x00000000080018a4                std::type_info::~type_info()
 .text._ZNKSt9type_infoeqERKS_
                0x00000000080018b2       0x2c c:/st/stm32cubeide_1.7.0/stm32cubeide/plugins/com.st.stm32cube.ide.mcu.externaltools.gnu-tools-for-stm32.9-2020-q2-update.win32_2.0.0.202105311346/tools/bin/../lib/gcc/arm-none-eabi/9.3.1/../../../../arm-none-eabi/lib/thumb/v7e-m+dp/hard\libstdc++_nano.a(tinfo.o)
                0x00000000080018b2                std::type_info::operator==(std::type_info const&) const
 .text._ZNKSt9type_info10__do_catchEPKS_PPvj
                0x00000000080018de        0x4 c:/st/stm32cubeide_1.7.0/stm32cubeide/plugins/com.st.stm32cube.ide.mcu.externaltools.gnu-tools-for-stm32.9-2020-q2-update.win32_2.0.0.202105311346/tools/bin/../lib/gcc/arm-none-eabi/9.3.1/../../../../arm-none-eabi/lib/thumb/v7e-m+dp/hard\libstdc++_nano.a(tinfo.o)
                0x00000000080018de                std::type_info::__do_catch(std::type_info const*, void**, unsigned int) const
 .text.abort    0x00000000080018e2        0xe c:/st/stm32cubeide_1.7.0/stm32cubeide/plugins/com.st.stm32cube.ide.mcu.externaltools.gnu-tools-for-stm32.9-2020-q2-update.win32_2.0.0.202105311346/tools/bin/../lib/gcc/arm-none-eabi/9.3.1/../../../../arm-none-eabi/lib/thumb/v7e-m+dp/hard\libc_nano.a(lib_a-abort.o)
                0x00000000080018e2                abort
 .text.__errno  0x00000000080018f0        0xc c:/st/stm32cubeide_1.7.0/stm32cubeide/plugins/com.st.stm32cube.ide.mcu.externaltools.gnu-tools-for-stm32.9-2020-q2-update.win32_2.0.0.202105311346/tools/bin/../lib/gcc/arm-none-eabi/9.3.1/../../../../arm-none-eabi/lib/thumb/v7e-m+dp/hard\libc_nano.a(lib_a-errno.o)
                0x00000000080018f0                __errno
 .text.exit     0x00000000080018fc       0x28 c:/st/stm32cubeide_1.7.0/stm32cubeide/plugins/com.st.stm32cube.ide.mcu.externaltools.gnu-tools-for-stm32.9-2020-q2-update.win32_2.0.0.202105311346/tools/bin/../lib/gcc/arm-none-eabi/9.3.1/../../../../arm-none-eabi/lib/thumb/v7e-m+dp/hard\libc_nano.a(lib_a-exit.o)
                0x00000000080018fc                exit
 .text.__libc_init_array
                0x0000000008001924       0x48 c:/st/stm32cubeide_1.7.0/stm32cubeide/plugins/com.st.stm32cube.ide.mcu.externaltools.gnu-tools-for-stm32.9-2020-q2-update.win32_2.0.0.202105311346/tools/bin/../lib/gcc/arm-none-eabi/9.3.1/../../../../arm-none-eabi/lib/thumb/v7e-m+dp/hard\libc_nano.a(lib_a-init.o)
                0x0000000008001924                __libc_init_array